Archive member included because of file (symbol)

D:\usr\github\workspace\GR-SAKURA-MRUBY-CAR\gcctestb\gcctestb\Config1\libgcctestb.a(printf.o)
                              D:\usr\github\workspace\GR-SAKURA-MRUBY-CAR\gcctestb\gcctestb\Config1\mrb_read.o (printf)
D:\usr\github\workspace\GR-SAKURA-MRUBY-CAR\gcctestb\gcctestb\Config1\libgcctestb.a(puts.o)
                              D:\usr\github\workspace\GR-SAKURA-MRUBY-CAR\gcctestb\gcctestb\Config1\rbcall.o (puts)
D:\usr\github\workspace\GR-SAKURA-MRUBY-CAR\gcctestb\gcctestb\Config1\libgcctestb.a(strlen.o)
                              D:\usr\github\workspace\GR-SAKURA-MRUBY-CAR\gcctestb\gcctestb\Config1\libgcctestb.a(puts.o) (strlen)
D:\usr\github\workspace\GR-SAKURA-MRUBY-CAR\gcctestb\gcctestb\Config1\libgcctestb.a(vfprintf.o)
                              D:\usr\github\workspace\GR-SAKURA-MRUBY-CAR\gcctestb\gcctestb\Config1\libgcctestb.a(printf.o) (_vfprintf_r)
D:\usr\github\workspace\GR-SAKURA-MRUBY-CAR\gcctestb\gcctestb\Config1\libgcctestb.a(wsetup.o)
                              D:\usr\github\workspace\GR-SAKURA-MRUBY-CAR\gcctestb\gcctestb\Config1\libgcctestb.a(vfprintf.o) (__swsetup_r)
D:\usr\github\workspace\GR-SAKURA-MRUBY-CAR\gcctestb\gcctestb\Config1\libgcctestb.a(dtoa.o)
                              D:\usr\github\workspace\GR-SAKURA-MRUBY-CAR\gcctestb\gcctestb\Config1\libgcctestb.a(vfprintf.o) (_dtoa_r)
D:\usr\github\workspace\GR-SAKURA-MRUBY-CAR\gcctestb\gcctestb\Config1\libgcctestb.a(fflush.o)
                              D:\usr\github\workspace\GR-SAKURA-MRUBY-CAR\gcctestb\gcctestb\Config1\libgcctestb.a(vfprintf.o) (_fflush_r)
D:\usr\github\workspace\GR-SAKURA-MRUBY-CAR\gcctestb\gcctestb\Config1\libgcctestb.a(findfp.o)
                              D:\usr\github\workspace\GR-SAKURA-MRUBY-CAR\gcctestb\gcctestb\Config1\libgcctestb.a(vfprintf.o) (__sinit)
D:\usr\github\workspace\GR-SAKURA-MRUBY-CAR\gcctestb\gcctestb\Config1\libgcctestb.a(fvwrite.o)
                              D:\usr\github\workspace\GR-SAKURA-MRUBY-CAR\gcctestb\gcctestb\Config1\libgcctestb.a(puts.o) (__sfvwrite_r)
D:\usr\github\workspace\GR-SAKURA-MRUBY-CAR\gcctestb\gcctestb\Config1\libgcctestb.a(fwalk.o)
                              D:\usr\github\workspace\GR-SAKURA-MRUBY-CAR\gcctestb\gcctestb\Config1\libgcctestb.a(findfp.o) (_fwalk)
D:\usr\github\workspace\GR-SAKURA-MRUBY-CAR\gcctestb\gcctestb\Config1\libgcctestb.a(impure.o)
                              D:\usr\github\workspace\GR-SAKURA-MRUBY-CAR\gcctestb\gcctestb\Config1\libgcctestb.a(fflush.o) (_global_impure_ptr)
D:\usr\github\workspace\GR-SAKURA-MRUBY-CAR\gcctestb\gcctestb\Config1\libgcctestb.a(locale.o)
                              D:\usr\github\workspace\GR-SAKURA-MRUBY-CAR\gcctestb\gcctestb\Config1\libgcctestb.a(vfprintf.o) (_localeconv_r)
D:\usr\github\workspace\GR-SAKURA-MRUBY-CAR\gcctestb\gcctestb\Config1\libgcctestb.a(makebuf.o)
                              D:\usr\github\workspace\GR-SAKURA-MRUBY-CAR\gcctestb\gcctestb\Config1\libgcctestb.a(wsetup.o) (__smakebuf_r)
D:\usr\github\workspace\GR-SAKURA-MRUBY-CAR\gcctestb\gcctestb\Config1\libgcctestb.a(mallocr.o)
                              D:\usr\github\workspace\GR-SAKURA-MRUBY-CAR\gcctestb\gcctestb\Config1\libgcctestb.a(wsetup.o) (_free_r)
D:\usr\github\workspace\GR-SAKURA-MRUBY-CAR\gcctestb\gcctestb\Config1\libgcctestb.a(memchr.o)
                              D:\usr\github\workspace\GR-SAKURA-MRUBY-CAR\gcctestb\gcctestb\Config1\libgcctestb.a(vfprintf.o) (memchr)
D:\usr\github\workspace\GR-SAKURA-MRUBY-CAR\gcctestb\gcctestb\Config1\libgcctestb.a(memcpy.o)
                              D:\usr\github\workspace\GR-SAKURA-MRUBY-CAR\gcctestb\gcctestb\Config1\libgcctestb.a(dtoa.o) (memcpy)
D:\usr\github\workspace\GR-SAKURA-MRUBY-CAR\gcctestb\gcctestb\Config1\libgcctestb.a(memmove.o)
                              D:\usr\github\workspace\GR-SAKURA-MRUBY-CAR\gcctestb\gcctestb\Config1\libgcctestb.a(fvwrite.o) (memmove)
D:\usr\github\workspace\GR-SAKURA-MRUBY-CAR\gcctestb\gcctestb\Config1\libgcctestb.a(memset.o)
                              D:\usr\github\workspace\GR-SAKURA-MRUBY-CAR\gcctestb\gcctestb\Config1\libgcctestb.a(findfp.o) (memset)
D:\usr\github\workspace\GR-SAKURA-MRUBY-CAR\gcctestb\gcctestb\Config1\libgcctestb.a(mlock.o)
                              D:\usr\github\workspace\GR-SAKURA-MRUBY-CAR\gcctestb\gcctestb\Config1\libgcctestb.a(mallocr.o) (__malloc_lock)
D:\usr\github\workspace\GR-SAKURA-MRUBY-CAR\gcctestb\gcctestb\Config1\libgcctestb.a(mprec.o)
                              D:\usr\github\workspace\GR-SAKURA-MRUBY-CAR\gcctestb\gcctestb\Config1\libgcctestb.a(dtoa.o) (_Balloc)
D:\usr\github\workspace\GR-SAKURA-MRUBY-CAR\gcctestb\gcctestb\Config1\libgcctestb.a(sbrkr.o)
                              D:\usr\github\workspace\GR-SAKURA-MRUBY-CAR\gcctestb\gcctestb\Config1\libgcctestb.a(mallocr.o) (_sbrk_r)
D:\usr\github\workspace\GR-SAKURA-MRUBY-CAR\gcctestb\gcctestb\Config1\libgcctestb.a(sf_fpclassify.o)
[...]
Memory Configuration

Name             Origin             Length             Attributes
*default*        0x00000000         0xffffffff

Linker script and memory map


.fvectors       0xffffff80       0x80
 *(.fvectors)
 .fvectors      0xffffff80       0x80 D:\usr\github\workspace\GR-SAKURA-MRUBY-CAR\gcctestb\gcctestb\Config1\vector_table.o
                0xffffff80                HardwareVectors

.text           0xfff00000    0x33470
 *(.text)
 .text          0xfff00000        0x0 D:\usr\github\workspace\GR-SAKURA-MRUBY-CAR\gcctestb\gcctestb\Config1\reset_program.o
 .text          0xfff00000       0xa6 D:\usr\github\workspace\GR-SAKURA-MRUBY-CAR\gcctestb\gcctestb\Config1\crt0.o
                0xfff00000                PowerON_Reset
                0xfff0005b                rx_run_preinit_array
                0xfff0006b                rx_run_init_array
                0xfff0007d                rx_run_fini_array
 .text          0xfff000a6        0xc D:\usr\github\workspace\GR-SAKURA-MRUBY-CAR\gcctestb\gcctestb\gr_common\lib\libg.a(lib_a-strncmp.o)
                0xfff000a6                strncmp
 *(.text.*)
 .text._printf_r
                0xfff000b2       0x11 D:\usr\github\workspace\GR-SAKURA-MRUBY-CAR\gcctestb\gcctestb\Config1\libgcctestb.a(printf.o)
                0xfff000b2                _printf_r
 .text.printf   0xfff000c3       0x19 D:\usr\github\workspace\GR-SAKURA-MRUBY-CAR\gcctestb\gcctestb\Config1\libgcctestb.a(printf.o)
                0xfff000c3                printf
 .text._puts_r  0xfff000dc       0x66 D:\usr\github\workspace\GR-SAKURA-MRUBY-CAR\gcctestb\gcctestb\Config1\libgcctestb.a(puts.o)
                0xfff000dc                _puts_r
 .text.puts     0xfff00142        0xe D:\usr\github\workspace\GR-SAKURA-MRUBY-CAR\gcctestb\gcctestb\Config1\libgcctestb.a(puts.o)
                0xfff00142                puts
 .text.strlen   0xfff00150       0x10 D:\usr\github\workspace\GR-SAKURA-MRUBY-CAR\gcctestb\gcctestb\Config1\libgcctestb.a(strlen.o)
                0xfff00150                strlen
 .text._vfprintf_r
                0xfff00160      0xfe2 D:\usr\github\workspace\GR-SAKURA-MRUBY-CAR\gcctestb\gcctestb\Config1\libgcctestb.a(vfprintf.o)
                0xfff00160                _vfprintf_r
 .text.vfprintf
                0xfff01142       0x16 D:\usr\github\workspace\GR-SAKURA-MRUBY-CAR\gcctestb\gcctestb\Config1\libgcctestb.a(vfprintf.o)
                0xfff01142                vfprintf
 .text.__swsetup_r
                0xfff01158       0xce D:\usr\github\workspace\GR-SAKURA-MRUBY-CAR\gcctestb\gcctestb\Config1\libgcctestb.a(wsetup.o)
                0xfff01158                __swsetup_r
 .text.quorem   0xfff01226      0x11a D:\usr\github\workspace\GR-SAKURA-MRUBY-CAR\gcctestb\gcctestb\Config1\libgcctestb.a(dtoa.o)
 .text._dtoa_r  0xfff01340      0x992 D:\usr\github\workspace\GR-SAKURA-MRUBY-CAR\gcctestb\gcctestb\Config1\libgcctestb.a(dtoa.o)
                0xfff01340                _dtoa_r
 .text.__sflush_r
                0xfff01cd2      0x142 D:\usr\github\workspace\GR-SAKURA-MRUBY-CAR\gcctestb\gcctestb\Config1\libgcctestb.a(fflush.o)
                0xfff01cd2                __sflush_r
 .text._fflush_r
                0xfff01e14       0x2c D:\usr\github\workspace\GR-SAKURA-MRUBY-CAR\gcctestb\gcctestb\Config1\libgcctestb.a(fflush.o)
                0xfff01e14                _fflush_r
 .text.fflush   0xfff01e40       0x23 D:\usr\github\workspace\GR-SAKURA-MRUBY-CAR\gcctestb\gcctestb\Config1\libgcctestb.a(fflush.o)
                0xfff01e40                fflush
 .text.__fp_lock
                0xfff01e63        0x3 D:\usr\github\workspace\GR-SAKURA-MRUBY-CAR\gcctestb\gcctestb\Config1\libgcctestb.a(findfp.o)
 .text.__fp_unlock
                0xfff01e66        0x3 D:\usr\github\workspace\GR-SAKURA-MRUBY-CAR\gcctestb\gcctestb\Config1\libgcctestb.a(findfp.o)
 .text._cleanup_r
                0xfff01e69        0xa D:\usr\github\workspace\GR-SAKURA-MRUBY-CAR\gcctestb\gcctestb\Config1\libgcctestb.a(findfp.o)
                0xfff01e69                _cleanup_r
 .text.std.isra.0
                0xfff01e73       0x49 D:\usr\github\workspace\GR-SAKURA-MRUBY-CAR\gcctestb\gcctestb\Config1\libgcctestb.a(findfp.o)
 .text.__sfmoreglue
                0xfff01ebc       0x2e D:\usr\github\workspace\GR-SAKURA-MRUBY-CAR\gcctestb\gcctestb\Config1\libgcctestb.a(findfp.o)
                0xfff01ebc                __sfmoreglue
 .text._cleanup
                0xfff01eea        0xc D:\usr\github\workspace\GR-SAKURA-MRUBY-CAR\gcctestb\gcctestb\Config1\libgcctestb.a(findfp.o)
                0xfff01eea                _cleanup
 .text.__sinit  0xfff01ef6       0x44 D:\usr\github\workspace\GR-SAKURA-MRUBY-CAR\gcctestb\gcctestb\Config1\libgcctestb.a(findfp.o)
                0xfff01ef6                __sinit
 .text.__sfp    0xfff01f3a       0x8a D:\usr\github\workspace\GR-SAKURA-MRUBY-CAR\gcctestb\gcctestb\Config1\libgcctestb.a(findfp.o)
                0xfff01f3a                __sfp
 .text.__sfp_lock_acquire
                0xfff01fc4        0x1 D:\usr\github\workspace\GR-SAKURA-MRUBY-CAR\gcctestb\gcctestb\Config1\libgcctestb.a(findfp.o)
                0xfff01fc4                __sfp_lock_acquire
 .text.__sfp_lock_release
                0xfff01fc5        0x1 D:\usr\github\workspace\GR-SAKURA-MRUBY-CAR\gcctestb\gcctestb\Config1\libgcctestb.a(findfp.o)
                0xfff01fc5                __sfp_lock_release
 .text.__sinit_lock_acquire
                0xfff01fc6        0x1 D:\usr\github\workspace\GR-SAKURA-MRUBY-CAR\gcctestb\gcctestb\Config1\libgcctestb.a(findfp.o)
                0xfff01fc6                __sinit_lock_acquire
 .text.__sinit_lock_release
                0xfff01fc7        0x1 D:\usr\github\workspace\GR-SAKURA-MRUBY-CAR\gcctestb\gcctestb\Config1\libgcctestb.a(findfp.o)
                0xfff01fc7                __sinit_lock_release
 .text.__fp_lock_all
                0xfff01fc8       0x12 D:\usr\github\workspace\GR-SAKURA-MRUBY-CAR\gcctestb\gcctestb\Config1\libgcctestb.a(findfp.o)
                0xfff01fc8                __fp_lock_all
 .text.__fp_unlock_all
                0xfff01fda       0x12 D:\usr\github\workspace\GR-SAKURA-MRUBY-CAR\gcctestb\gcctestb\Config1\libgcctestb.a(findfp.o)
                0xfff01fda                __fp_unlock_all
 .text.__sfvwrite_r
                0xfff01fec      0x296 D:\usr\github\workspace\GR-SAKURA-MRUBY-CAR\gcctestb\gcctestb\Config1\libgcctestb.a(fvwrite.o)
                0xfff01fec                __sfvwrite_r
 .text._fwalk   0xfff02282       0x44 D:\usr\github\workspace\GR-SAKURA-MRUBY-CAR\gcctestb\gcctestb\Config1\libgcctestb.a(fwalk.o)
                0xfff02282                _fwalk
 .text._fwalk_reent
                0xfff022c6       0x48 D:\usr\github\workspace\GR-SAKURA-MRUBY-CAR\gcctestb\gcctestb\Config1\libgcctestb.a(fwalk.o)
                0xfff022c6                _fwalk_reent
 .text._setlocale_r
                0xfff0230e       0x4a D:\usr\github\workspace\GR-SAKURA-MRUBY-CAR\gcctestb\gcctestb\Config1\libgcctestb.a(locale.o)
                0xfff0230e                _setlocale_r
 .text.__locale_charset
                0xfff02358        0x7 D:\usr\github\workspace\GR-SAKURA-MRUBY-CAR\gcctestb\gcctestb\Config1\libgcctestb.a(locale.o)
                0xfff02358                __locale_charset
 .text.__locale_mb_cur_max
                0xfff0235f        0x9 D:\usr\github\workspace\GR-SAKURA-MRUBY-CAR\gcctestb\gcctestb\Config1\libgcctestb.a(locale.o)
                0xfff0235f                __locale_mb_cur_max
 .text.__locale_msgcharset
                0xfff02368        0x7 D:\usr\github\workspace\GR-SAKURA-MRUBY-CAR\gcctestb\gcctestb\Config1\libgcctestb.a(locale.o)
                0xfff02368                __locale_msgcharset
 .text.__locale_cjk_lang
                0xfff0236f        0x3 D:\usr\github\workspace\GR-SAKURA-MRUBY-CAR\gcctestb\gcctestb\Config1\libgcctestb.a(locale.o)
                0xfff0236f                __locale_cjk_lang
 .text._localeconv_r
                0xfff02372        0x7 D:\usr\github\workspace\GR-SAKURA-MRUBY-CAR\gcctestb\gcctestb\Config1\libgcctestb.a(locale.o)
                0xfff02372                _localeconv_r
 .text.setlocale
                0xfff02379       0x12 D:\usr\github\workspace\GR-SAKURA-MRUBY-CAR\gcctestb\gcctestb\Config1\libgcctestb.a(locale.o)
                0xfff02379                setlocale
 .text.localeconv
                0xfff0238b        0x7 D:\usr\github\workspace\GR-SAKURA-MRUBY-CAR\gcctestb\gcctestb\Config1\libgcctestb.a(locale.o)
                0xfff0238b                localeconv
 .text.__smakebuf_r
                0xfff02392       0xd6 D:\usr\github\workspace\GR-SAKURA-MRUBY-CAR\gcctestb\gcctestb\Config1\libgcctestb.a(makebuf.o)
                0xfff02392                __smakebuf_r
 .text._malloc_trim_r
                0xfff02468       0xa4 D:\usr\github\workspace\GR-SAKURA-MRUBY-CAR\gcctestb\gcctestb\Config1\libgcctestb.a(mallocr.o)
                0xfff02468                _malloc_trim_r
 .text._free_r  0xfff0250c      0x19e D:\usr\github\workspace\GR-SAKURA-MRUBY-CAR\gcctestb\gcctestb\Config1\libgcctestb.a(mallocr.o)
                0xfff0250c                _free_r
 .text._malloc_r
                0xfff026aa      0x490 D:\usr\github\workspace\GR-SAKURA-MRUBY-CAR\gcctestb\gcctestb\Config1\libgcctestb.a(mallocr.o)
                0xfff026aa                _malloc_r
 .text._calloc_r
                0xfff02b3a       0x66 D:\usr\github\workspace\GR-SAKURA-MRUBY-CAR\gcctestb\gcctestb\Config1\libgcctestb.a(mallocr.o)
                0xfff02b3a                _calloc_r
 .text._realloc_r
                0xfff02ba0      0x378 D:\usr\github\workspace\GR-SAKURA-MRUBY-CAR\gcctestb\gcctestb\Config1\libgcctestb.a(mallocr.o)
                0xfff02ba0                _realloc_r
 .text.memchr   0xfff02f18       0x18 D:\usr\github\workspace\GR-SAKURA-MRUBY-CAR\gcctestb\gcctestb\Config1\libgcctestb.a(memchr.o)
                0xfff02f18                memchr
 .text.memcpy   0xfff02f30       0x16 D:\usr\github\workspace\GR-SAKURA-MRUBY-CAR\gcctestb\gcctestb\Config1\libgcctestb.a(memcpy.o)
                0xfff02f30                memcpy
 .text.memmove  0xfff02f46       0x44 D:\usr\github\workspace\GR-SAKURA-MRUBY-CAR\gcctestb\gcctestb\Config1\libgcctestb.a(memmove.o)
                0xfff02f46                memmove
 .text.memset   0xfff02f8a        0xe D:\usr\github\workspace\GR-SAKURA-MRUBY-CAR\gcctestb\gcctestb\Config1\libgcctestb.a(memset.o)
                0xfff02f8a                memset
 .text.__malloc_lock
                0xfff02f98        0x1 D:\usr\github\workspace\GR-SAKURA-MRUBY-CAR\gcctestb\gcctestb\Config1\libgcctestb.a(mlock.o)
                0xfff02f98                __malloc_lock
 .text.__malloc_unlock
                0xfff02f99        0x1 D:\usr\github\workspace\GR-SAKURA-MRUBY-CAR\gcctestb\gcctestb\Config1\libgcctestb.a(mlock.o)
                0xfff02f99                __malloc_unlock
 .text._Balloc  0xfff02f9a       0x54 D:\usr\github\workspace\GR-SAKURA-MRUBY-CAR\gcctestb\gcctestb\Config1\libgcctestb.a(mprec.o)
                0xfff02f9a                _Balloc
 .text._Bfree   0xfff02fee       0x1a D:\usr\github\workspace\GR-SAKURA-MRUBY-CAR\gcctestb\gcctestb\Config1\libgcctestb.a(mprec.o)
                0xfff02fee                _Bfree
 .text.__multadd
                0xfff03008       0x7c D:\usr\github\workspace\GR-SAKURA-MRUBY-CAR\gcctestb\gcctestb\Config1\libgcctestb.a(mprec.o)
                0xfff03008                __multadd
 .text.__s2b    0xfff03084       0x78 D:\usr\github\workspace\GR-SAKURA-MRUBY-CAR\gcctestb\gcctestb\Config1\libgcctestb.a(mprec.o)
                0xfff03084                __s2b
 .text.__hi0bits
                0xfff030fc       0x4a D:\usr\github\workspace\GR-SAKURA-MRUBY-CAR\gcctestb\gcctestb\Config1\libgcctestb.a(mprec.o)
                0xfff030fc                __hi0bits
 .text.__lo0bits
                0xfff03146       0x66 D:\usr\github\workspace\GR-SAKURA-MRUBY-CAR\gcctestb\gcctestb\Config1\libgcctestb.a(mprec.o)
                0xfff03146                __lo0bits
 .text.__i2b    0xfff031ac       0x12 D:\usr\github\workspace\GR-SAKURA-MRUBY-CAR\gcctestb\gcctestb\Config1\libgcctestb.a(mprec.o)
                0xfff031ac                __i2b
 .text.__multiply
                0xfff031be      0x11a D:\usr\github\workspace\GR-SAKURA-MRUBY-CAR\gcctestb\gcctestb\Config1\libgcctestb.a(mprec.o)
                0xfff031be                __multiply
 .text.__pow5mult
                0xfff032d8       0x80 D:\usr\github\workspace\GR-SAKURA-MRUBY-CAR\gcctestb\gcctestb\Config1\libgcctestb.a(mprec.o)
                0xfff032d8                __pow5mult
 .text.__lshift
                0xfff03358       0x9e D:\usr\github\workspace\GR-SAKURA-MRUBY-CAR\gcctestb\gcctestb\Config1\libgcctestb.a(mprec.o)
                0xfff03358                __lshift
 .text.__mcmp   0xfff033f6       0x2c D:\usr\github\workspace\GR-SAKURA-MRUBY-CAR\gcctestb\gcctestb\Config1\libgcctestb.a(mprec.o)
                0xfff033f6                __mcmp
 .text.__mdiff  0xfff03422       0xd4 D:\usr\github\workspace\GR-SAKURA-MRUBY-CAR\gcctestb\gcctestb\Config1\libgcctestb.a(mprec.o)
                0xfff03422                __mdiff
 .text.__ulp    0xfff034f6       0x27 D:\usr\github\workspace\GR-SAKURA-MRUBY-CAR\gcctestb\gcctestb\Config1\libgcctestb.a(mprec.o)
                0xfff034f6                __ulp
 *fill*         0xfff0351d        0x1 00
 .text.__b2d    0xfff0351e       0x6a D:\usr\github\workspace\GR-SAKURA-MRUBY-CAR\gcctestb\gcctestb\Config1\libgcctestb.a(mprec.o)
                0xfff0351e                __b2d
 .text.__d2b    0xfff03588       0x6a D:\usr\github\workspace\GR-SAKURA-MRUBY-CAR\gcctestb\gcctestb\Config1\libgcctestb.a(mprec.o)
                0xfff03588                __d2b
 .text.__ratio  0xfff035f2       0x40 D:\usr\github\workspace\GR-SAKURA-MRUBY-CAR\gcctestb\gcctestb\Config1\libgcctestb.a(mprec.o)
                0xfff035f2                __ratio
 .text._mprec_log10
                0xfff03632       0x24 D:\usr\github\workspace\GR-SAKURA-MRUBY-CAR\gcctestb\gcctestb\Config1\libgcctestb.a(mprec.o)
                0xfff03632                _mprec_log10
 .text.__copybits
                0xfff03656       0x32 D:\usr\github\workspace\GR-SAKURA-MRUBY-CAR\gcctestb\gcctestb\Config1\libgcctestb.a(mprec.o)
                0xfff03656                __copybits
 .text.__any_on
                0xfff03688       0x40 D:\usr\github\workspace\GR-SAKURA-MRUBY-CAR\gcctestb\gcctestb\Config1\libgcctestb.a(mprec.o)
                0xfff03688                __any_on
 .text._sbrk_r  0xfff036c8       0x22 D:\usr\github\workspace\GR-SAKURA-MRUBY-CAR\gcctestb\gcctestb\Config1\libgcctestb.a(sbrkr.o)
                0xfff036c8                _sbrk_r
 .text.__fpclassifyf
                0xfff036ea       0x5c D:\usr\github\workspace\GR-SAKURA-MRUBY-CAR\gcctestb\gcctestb\Config1\libgcctestb.a(sf_fpclassify.o)
                0xfff036ea                __fpclassifyf
 .text.__sread  0xfff03746       0x26 D:\usr\github\workspace\GR-SAKURA-MRUBY-CAR\gcctestb\gcctestb\Config1\libgcctestb.a(stdio.o)
                0xfff03746                __sread
 .text.__seofread
                0xfff0376c        0x3 D:\usr\github\workspace\GR-SAKURA-MRUBY-CAR\gcctestb\gcctestb\Config1\libgcctestb.a(stdio.o)
                0xfff0376c                __seofread
 *fill*         0xfff0376f        0x1 00
 .text.__swrite
                0xfff03770       0x36 D:\usr\github\workspace\GR-SAKURA-MRUBY-CAR\gcctestb\gcctestb\Config1\libgcctestb.a(stdio.o)
                0xfff03770                __swrite
 .text.__sseek  0xfff037a6       0x28 D:\usr\github\workspace\GR-SAKURA-MRUBY-CAR\gcctestb\gcctestb\Config1\libgcctestb.a(stdio.o)
                0xfff037a6                __sseek
 .text.__sclose
                0xfff037ce        0x6 D:\usr\github\workspace\GR-SAKURA-MRUBY-CAR\gcctestb\gcctestb\Config1\libgcctestb.a(stdio.o)
                0xfff037ce                __sclose
 .text.strcmp   0xfff037d4       0x14 D:\usr\github\workspace\GR-SAKURA-MRUBY-CAR\gcctestb\gcctestb\Config1\libgcctestb.a(strcmp.o)
                0xfff037d4                strcmp
 .text.__sprint_r
                0xfff037e8       0x68 D:\usr\github\workspace\GR-SAKURA-MRUBY-CAR\gcctestb\gcctestb\Config1\libgcctestb.a(vfiprintf.o)
                0xfff037e8                __sprint_r
 .text._vfiprintf_r
                0xfff03850      0x880 D:\usr\github\workspace\GR-SAKURA-MRUBY-CAR\gcctestb\gcctestb\Config1\libgcctestb.a(vfiprintf.o)
                0xfff03850                _vfiprintf_r
 .text.vfiprintf
                0xfff040d0       0x16 D:\usr\github\workspace\GR-SAKURA-MRUBY-CAR\gcctestb\gcctestb\Config1\libgcctestb.a(vfiprintf.o)
                0xfff040d0                vfiprintf
 .text._write_r
                0xfff040e6       0x26 D:\usr\github\workspace\GR-SAKURA-MRUBY-CAR\gcctestb\gcctestb\Config1\libgcctestb.a(writer.o)
                0xfff040e6                _write_r
 .text._close_r
                0xfff0410c       0x22 D:\usr\github\workspace\GR-SAKURA-MRUBY-CAR\gcctestb\gcctestb\Config1\libgcctestb.a(closer.o)
                0xfff0410c                _close_r
 .text._fclose_r
                0xfff0412e       0x8a D:\usr\github\workspace\GR-SAKURA-MRUBY-CAR\gcctestb\gcctestb\Config1\libgcctestb.a(fclose.o)
                0xfff0412e                _fclose_r
 .text.fclose   0xfff041b8        0xe D:\usr\github\workspace\GR-SAKURA-MRUBY-CAR\gcctestb\gcctestb\Config1\libgcctestb.a(fclose.o)
                0xfff041b8                fclose
 .text._fputwc_r
                0xfff041c6       0xc2 D:\usr\github\workspace\GR-SAKURA-MRUBY-CAR\gcctestb\gcctestb\Config1\libgcctestb.a(fputwc.o)
                0xfff041c6                _fputwc_r
 .text.fputwc   0xfff04288       0x28 D:\usr\github\workspace\GR-SAKURA-MRUBY-CAR\gcctestb\gcctestb\Config1\libgcctestb.a(fputwc.o)
                0xfff04288                fputwc
 .text._fstat_r
                0xfff042b0       0x24 D:\usr\github\workspace\GR-SAKURA-MRUBY-CAR\gcctestb\gcctestb\Config1\libgcctestb.a(fstatr.o)
                0xfff042b0                _fstat_r
 .text._isatty_r
                0xfff042d4       0x22 D:\usr\github\workspace\GR-SAKURA-MRUBY-CAR\gcctestb\gcctestb\Config1\libgcctestb.a(isattyr.o)
                0xfff042d4                _isatty_r
 .text._lseek_r
                0xfff042f6       0x26 D:\usr\github\workspace\GR-SAKURA-MRUBY-CAR\gcctestb\gcctestb\Config1\libgcctestb.a(lseekr.o)
                0xfff042f6                _lseek_r
 .text._read_r  0xfff0431c       0x26 D:\usr\github\workspace\GR-SAKURA-MRUBY-CAR\gcctestb\gcctestb\Config1\libgcctestb.a(readr.o)
                0xfff0431c                _read_r
 .text.cleanup_glue
                0xfff04342       0x1a D:\usr\github\workspace\GR-SAKURA-MRUBY-CAR\gcctestb\gcctestb\Config1\libgcctestb.a(reent.o)
                0xfff04342                cleanup_glue
 .text._reclaim_reent
                0xfff0435c       0x98 D:\usr\github\workspace\GR-SAKURA-MRUBY-CAR\gcctestb\gcctestb\Config1\libgcctestb.a(reent.o)
                0xfff0435c                _reclaim_reent
 .text._wrapup_reent
                0xfff043f4       0x40 D:\usr\github\workspace\GR-SAKURA-MRUBY-CAR\gcctestb\gcctestb\Config1\libgcctestb.a(reent.o)
                0xfff043f4                _wrapup_reent
 .text.__swbuf_r
                0xfff04434       0xaa D:\usr\github\workspace\GR-SAKURA-MRUBY-CAR\gcctestb\gcctestb\Config1\libgcctestb.a(wbuf.o)
                0xfff04434                __swbuf_r
 .text.__swbuf  0xfff044de       0x12 D:\usr\github\workspace\GR-SAKURA-MRUBY-CAR\gcctestb\gcctestb\Config1\libgcctestb.a(wbuf.o)
                0xfff044de                __swbuf
 .text._wcrtomb_r
                0xfff044f0       0x4a D:\usr\github\workspace\GR-SAKURA-MRUBY-CAR\gcctestb\gcctestb\Config1\libgcctestb.a(wcrtomb.o)
                0xfff044f0                _wcrtomb_r
 .text.wcrtomb  0xfff0453a       0x16 D:\usr\github\workspace\GR-SAKURA-MRUBY-CAR\gcctestb\gcctestb\Config1\libgcctestb.a(wcrtomb.o)
                0xfff0453a                wcrtomb
 .text.__ascii_wctomb
                0xfff04550       0x1c D:\usr\github\workspace\GR-SAKURA-MRUBY-CAR\gcctestb\gcctestb\Config1\libgcctestb.a(wctomb_r.o)
                0xfff04550                __ascii_wctomb
 .text._wctomb_r
                0xfff0456c       0x29 D:\usr\github\workspace\GR-SAKURA-MRUBY-CAR\gcctestb\gcctestb\Config1\libgcctestb.a(wctomb_r.o)
                0xfff0456c                _wctomb_r
 .text.unlikely
                0xfff04595       0x1c D:\usr\github\workspace\GR-SAKURA-MRUBY-CAR\gcctestb\gcctestb\gr_mruby\mruby-1.1.0\build\grsakura\lib\libmruby.a(symbol.o)
 .text.unlikely
                0xfff045b1       0xaa D:\usr\github\workspace\GR-SAKURA-MRUBY-CAR\gcctestb\gcctestb\gr_mruby\mruby-1.1.0\build\grsakura\lib\libmruby.a(vm.o)
 .text.unlikely
                0xfff0465b       0x20 D:\usr\github\workspace\GR-SAKURA-MRUBY-CAR\gcctestb\gcctestb\gr_mruby\mruby-1.1.0\build\grsakura\lib\libmruby.a(codegen.o)
 .text.unlikely
                0xfff0467b       0x2e D:\usr\github\workspace\GR-SAKURA-MRUBY-CAR\gcctestb\gcctestb\gr_mruby\mruby-1.1.0\build\grsakura\lib\libmruby.a(numeric.o)
 *fill*         0xfff046a9        0x3 00
 .text.unlikely
                0xfff046ac       0x2c D:\usr\github\workspace\GR-SAKURA-MRUBY-CAR\gcctestb\gcctestb\gr_mruby\mruby-1.1.0\build\grsakura\lib\libmruby.a(object.o)
 .text.unlikely
                0xfff046d8       0x28 D:\usr\github\workspace\GR-SAKURA-MRUBY-CAR\gcctestb\gcctestb\gr_mruby\mruby-1.1.0\build\grsakura\lib\libmruby.a(y.tab.o)
 .text.unlikely
                0xfff04700       0x3c D:\usr\github\workspace\GR-SAKURA-MRUBY-CAR\gcctestb\gcctestb\gr_mruby\mruby-1.1.0\build\grsakura\lib\libmruby.a(math.o)
 .text.atoi     0xfff0473c        0x8 D:\usr\github\workspace\GR-SAKURA-MRUBY-CAR\gcctestb\gcctestb\gr_common\lib\libg.a(lib_a-atoi.o)
                0xfff0473c                atoi
 .text._atoi_r  0xfff04744        0x8 D:\usr\github\workspace\GR-SAKURA-MRUBY-CAR\gcctestb\gcctestb\gr_common\lib\libg.a(lib_a-atoi.o)
                0xfff04744                _atoi_r
 .text.__errno  0xfff0474c        0x9 D:\usr\github\workspace\GR-SAKURA-MRUBY-CAR\gcctestb\gcctestb\gr_common\lib\libg.a(lib_a-errno.o)
                0xfff0474c                __errno
 *fill*         0xfff04755        0x1 00
 .text.exit     0xfff04756       0x20 D:\usr\github\workspace\GR-SAKURA-MRUBY-CAR\gcctestb\gcctestb\gr_common\lib\libg.a(lib_a-exit.o)
                0xfff04756                exit
 .text._fgetc_r
                0xfff04776       0x36 D:\usr\github\workspace\GR-SAKURA-MRUBY-CAR\gcctestb\gcctestb\gr_common\lib\libg.a(lib_a-fgetc.o)
                0xfff04776                _fgetc_r
 .text.fgetc    0xfff047ac        0xe D:\usr\github\workspace\GR-SAKURA-MRUBY-CAR\gcctestb\gcctestb\gr_common\lib\libg.a(lib_a-fgetc.o)
                0xfff047ac                fgetc
 .text._fprintf_r
                0xfff047ba        0xf D:\usr\github\workspace\GR-SAKURA-MRUBY-CAR\gcctestb\gcctestb\gr_common\lib\libg.a(lib_a-fprintf.o)
                0xfff047ba                _fprintf_r
 .text.fprintf  0xfff047c9       0x19 D:\usr\github\workspace\GR-SAKURA-MRUBY-CAR\gcctestb\gcctestb\gr_common\lib\libg.a(lib_a-fprintf.o)
                0xfff047c9                fprintf
 .text._fputc_r
                0xfff047e2       0x26 D:\usr\github\workspace\GR-SAKURA-MRUBY-CAR\gcctestb\gcctestb\gr_common\lib\libg.a(lib_a-fputc.o)
                0xfff047e2                _fputc_r
 .text.fputc    0xfff04808       0x12 D:\usr\github\workspace\GR-SAKURA-MRUBY-CAR\gcctestb\gcctestb\gr_common\lib\libg.a(lib_a-fputc.o)
                0xfff04808                fputc
 .text._fread_r
                0xfff0481a       0xa6 D:\usr\github\workspace\GR-SAKURA-MRUBY-CAR\gcctestb\gcctestb\gr_common\lib\libg.a(lib_a-fread.o)
                0xfff0481a                _fread_r
 .text.fread    0xfff048c0       0x1e D:\usr\github\workspace\GR-SAKURA-MRUBY-CAR\gcctestb\gcctestb\gr_common\lib\libg.a(lib_a-fread.o)
                0xfff048c0                fread
 .text._fwrite_r
                0xfff048de       0x64 D:\usr\github\workspace\GR-SAKURA-MRUBY-CAR\gcctestb\gcctestb\gr_common\lib\libg.a(lib_a-fwrite.o)
                0xfff048de                _fwrite_r
 .text.fwrite   0xfff04942       0x1e D:\usr\github\workspace\GR-SAKURA-MRUBY-CAR\gcctestb\gcctestb\gr_common\lib\libg.a(lib_a-fwrite.o)
                0xfff04942                fwrite
 .text.malloc   0xfff04960        0xe D:\usr\github\workspace\GR-SAKURA-MRUBY-CAR\gcctestb\gcctestb\gr_common\lib\libg.a(lib_a-malloc.o)
                0xfff04960                malloc
 .text.free     0xfff0496e        0xe D:\usr\github\workspace\GR-SAKURA-MRUBY-CAR\gcctestb\gcctestb\gr_common\lib\libg.a(lib_a-malloc.o)
                0xfff0496e                free
 .text.memcmp   0xfff0497c       0x18 D:\usr\github\workspace\GR-SAKURA-MRUBY-CAR\gcctestb\gcctestb\gr_common\lib\libg.a(lib_a-memcmp.o)
                0xfff0497c                memcmp
 .text._putc_r  0xfff04994       0x58 D:\usr\github\workspace\GR-SAKURA-MRUBY-CAR\gcctestb\gcctestb\gr_common\lib\libg.a(lib_a-putc.o)
                0xfff04994                _putc_r
 .text.putc     0xfff049ec       0x12 D:\usr\github\workspace\GR-SAKURA-MRUBY-CAR\gcctestb\gcctestb\gr_common\lib\libg.a(lib_a-putc.o)
                0xfff049ec                putc
 .text.realloc  0xfff049fe       0x12 D:\usr\github\workspace\GR-SAKURA-MRUBY-CAR\gcctestb\gcctestb\gr_common\lib\libg.a(lib_a-realloc.o)
                0xfff049fe                realloc
 .text.lflush   0xfff04a10        0xf D:\usr\github\workspace\GR-SAKURA-MRUBY-CAR\gcctestb\gcctestb\gr_common\lib\libg.a(lib_a-refill.o)
 *fill*         0xfff04a1f        0x1 00
 .text.__srefill_r
                0xfff04a20      0x118 D:\usr\github\workspace\GR-SAKURA-MRUBY-CAR\gcctestb\gcctestb\gr_common\lib\libg.a(lib_a-refill.o)
                0xfff04a20                __srefill_r
 .text.__srget_r
                0xfff04b38       0x38 D:\usr\github\workspace\GR-SAKURA-MRUBY-CAR\gcctestb\gcctestb\gr_common\lib\libg.a(lib_a-rget.o)
                0xfff04b38                __srget_r
 .text.__srget  0xfff04b70        0xe D:\usr\github\workspace\GR-SAKURA-MRUBY-CAR\gcctestb\gcctestb\gr_common\lib\libg.a(lib_a-rget.o)
                0xfff04b70                __srget
 .text.frexpf   0xfff04b7e       0x4e D:\usr\github\workspace\GR-SAKURA-MRUBY-CAR\gcctestb\gcctestb\gr_common\lib\libg.a(lib_a-sf_frexp.o)
                0xfff04b7e                frexpf
 .text.frexp    0xfff04bcc        0x4 D:\usr\github\workspace\GR-SAKURA-MRUBY-CAR\gcctestb\gcctestb\gr_common\lib\libg.a(lib_a-sf_frexp.o)
                0xfff04bcc                frexp
 .text.ldexpf   0xfff04bd0       0x42 D:\usr\github\workspace\GR-SAKURA-MRUBY-CAR\gcctestb\gcctestb\gr_common\lib\libg.a(lib_a-sf_ldexp.o)
                0xfff04bd0                ldexpf
 .text.ldexp    0xfff04c12        0x4 D:\usr\github\workspace\GR-SAKURA-MRUBY-CAR\gcctestb\gcctestb\gr_common\lib\libg.a(lib_a-sf_ldexp.o)
                0xfff04c12                ldexp
 .text.scalbnf  0xfff04c16       0xc0 D:\usr\github\workspace\GR-SAKURA-MRUBY-CAR\gcctestb\gcctestb\gr_common\lib\libg.a(lib_a-sf_scalbn.o)
                0xfff04c16                scalbnf
 .text.scalbn   0xfff04cd6        0x4 D:\usr\github\workspace\GR-SAKURA-MRUBY-CAR\gcctestb\gcctestb\gr_common\lib\libg.a(lib_a-sf_scalbn.o)
                0xfff04cd6                scalbn
 .text._snprintf_r
                0xfff04cda       0x56 D:\usr\github\workspace\GR-SAKURA-MRUBY-CAR\gcctestb\gcctestb\gr_common\lib\libg.a(lib_a-snprintf.o)
                0xfff04cda                _snprintf_r
 .text.snprintf
                0xfff04d30       0x5e D:\usr\github\workspace\GR-SAKURA-MRUBY-CAR\gcctestb\gcctestb\gr_common\lib\libg.a(lib_a-snprintf.o)
                0xfff04d30                snprintf
 .text.strchr   0xfff04d8e       0x1a D:\usr\github\workspace\GR-SAKURA-MRUBY-CAR\gcctestb\gcctestb\gr_common\lib\libg.a(lib_a-strchr.o)
                0xfff04d8e                strchr
 .text.match    0xfff04da8       0x2c D:\usr\github\workspace\GR-SAKURA-MRUBY-CAR\gcctestb\gcctestb\gr_common\lib\libg.a(lib_a-strtod.o)
 .text._strtod_r
                0xfff04dd4      0x8a8 D:\usr\github\workspace\GR-SAKURA-MRUBY-CAR\gcctestb\gcctestb\gr_common\lib\libg.a(lib_a-strtod.o)
                0xfff04dd4                _strtod_r
 .text.strtod   0xfff0567c       0x12 D:\usr\github\workspace\GR-SAKURA-MRUBY-CAR\gcctestb\gcctestb\gr_common\lib\libg.a(lib_a-strtod.o)
                0xfff0567c                strtod
 .text.strtof   0xfff0568e       0x28 D:\usr\github\workspace\GR-SAKURA-MRUBY-CAR\gcctestb\gcctestb\gr_common\lib\libg.a(lib_a-strtod.o)
                0xfff0568e                strtof
 .text._strtol_r
                0xfff056b6       0xf6 D:\usr\github\workspace\GR-SAKURA-MRUBY-CAR\gcctestb\gcctestb\gr_common\lib\libg.a(lib_a-strtol.o)
                0xfff056b6                _strtol_r
 .text.strtol   0xfff057ac       0x16 D:\usr\github\workspace\GR-SAKURA-MRUBY-CAR\gcctestb\gcctestb\gr_common\lib\libg.a(lib_a-strtol.o)
                0xfff057ac                strtol
 .text._svfprintf_r
                0xfff057c2      0xfee D:\usr\github\workspace\GR-SAKURA-MRUBY-CAR\gcctestb\gcctestb\gr_common\lib\libg.a(lib_a-svfprintf.o)
                0xfff057c2                _svfprintf_r
 .text._vsnprintf_r
                0xfff067b0       0x50 D:\usr\github\workspace\GR-SAKURA-MRUBY-CAR\gcctestb\gcctestb\gr_common\lib\libg.a(lib_a-vsnprintf.o)
                0xfff067b0                _vsnprintf_r
 .text.vsnprintf
                0xfff06800       0x1e D:\usr\github\workspace\GR-SAKURA-MRUBY-CAR\gcctestb\gcctestb\gr_common\lib\libg.a(lib_a-vsnprintf.o)
                0xfff06800                vsnprintf
 .text.__call_exitprocs
                0xfff0681e       0xc2 D:\usr\github\workspace\GR-SAKURA-MRUBY-CAR\gcctestb\gcctestb\gr_common\lib\libg.a(lib_a-__call_atexit.o)
                0xfff0681e                __call_exitprocs
 .text.L_shift  0xfff068e0       0x24 D:\usr\github\workspace\GR-SAKURA-MRUBY-CAR\gcctestb\gcctestb\gr_common\lib\libg.a(lib_a-gdtoa-hexnan.o)
 .text.__hexnan
                0xfff06904      0x120 D:\usr\github\workspace\GR-SAKURA-MRUBY-CAR\gcctestb\gcctestb\gr_common\lib\libg.a(lib_a-gdtoa-hexnan.o)
                0xfff06904                __hexnan
 .text.copysignf
                0xfff06a24        0xf D:\usr\github\workspace\GR-SAKURA-MRUBY-CAR\gcctestb\gcctestb\gr_common\lib\libg.a(lib_a-sf_copysign.o)
                0xfff06a24                copysignf
 .text.copysign
                0xfff06a33        0x4 D:\usr\github\workspace\GR-SAKURA-MRUBY-CAR\gcctestb\gcctestb\gr_common\lib\libg.a(lib_a-sf_copysign.o)
                0xfff06a33                copysign
 .text.finitef  0xfff06a37       0x10 D:\usr\github\workspace\GR-SAKURA-MRUBY-CAR\gcctestb\gcctestb\gr_common\lib\libg.a(lib_a-sf_finite.o)
                0xfff06a37                finitef
 .text.finite   0xfff06a47       0x10 D:\usr\github\workspace\GR-SAKURA-MRUBY-CAR\gcctestb\gcctestb\gr_common\lib\libg.a(lib_a-sf_finite.o)
                0xfff06a47                finite
 .text.nanf     0xfff06a57        0x7 D:\usr\github\workspace\GR-SAKURA-MRUBY-CAR\gcctestb\gcctestb\gr_common\lib\libg.a(lib_a-sf_nan.o)
                0xfff06a57                nanf
 .text.nan      0xfff06a5e        0x7 D:\usr\github\workspace\GR-SAKURA-MRUBY-CAR\gcctestb\gcctestb\gr_common\lib\libg.a(lib_a-sf_nan.o)
                0xfff06a5e                nan
 *fill*         0xfff06a65        0x1 00
 .text.__ssprint_r
                0xfff06a66       0xfe D:\usr\github\workspace\GR-SAKURA-MRUBY-CAR\gcctestb\gcctestb\gr_common\lib\libg.a(lib_a-svfiprintf.o)
                0xfff06a66                __ssprint_r
 .text._svfiprintf_r
                0xfff06b64      0x8da D:\usr\github\workspace\GR-SAKURA-MRUBY-CAR\gcctestb\gcctestb\gr_common\lib\libg.a(lib_a-svfiprintf.o)
                0xfff06b64                _svfiprintf_r
 .text.rshift   0xfff0743e       0x70 D:\usr\github\workspace\GR-SAKURA-MRUBY-CAR\gcctestb\gcctestb\gr_common\lib\libg.a(lib_a-gdtoa-gethex.o)
 .text.htinit.constprop.0
                0xfff074ae       0x1a D:\usr\github\workspace\GR-SAKURA-MRUBY-CAR\gcctestb\gcctestb\gr_common\lib\libg.a(lib_a-gdtoa-gethex.o)
 .text.__hexdig_init
                0xfff074c8       0x2d D:\usr\github\workspace\GR-SAKURA-MRUBY-CAR\gcctestb\gcctestb\gr_common\lib\libg.a(lib_a-gdtoa-gethex.o)
                0xfff074c8                __hexdig_init
 *fill*         0xfff074f5        0x1 00
 .text.__gethex
                0xfff074f6      0x47e D:\usr\github\workspace\GR-SAKURA-MRUBY-CAR\gcctestb\gcctestb\gr_common\lib\libg.a(lib_a-gdtoa-gethex.o)
                0xfff074f6                __gethex
 .text.__signbitf
                0xfff07974        0x7 D:\usr\github\workspace\GR-SAKURA-MRUBY-CAR\gcctestb\gcctestb\Config1\libgcctestb.a(s_signbit.o)
                0xfff07974                __signbitf
 .text.__signbitd
                0xfff0797b        0x3 D:\usr\github\workspace\GR-SAKURA-MRUBY-CAR\gcctestb\gcctestb\Config1\libgcctestb.a(s_signbit.o)
                0xfff0797b                __signbitd
 .text.asinhf   0xfff0797e       0xd4 D:\usr\github\workspace\GR-SAKURA-MRUBY-CAR\gcctestb\gcctestb\Config1\libgcctestb.a(sf_asinh.o)
                0xfff0797e                asinhf
 .text.asinh    0xfff07a52        0x4 D:\usr\github\workspace\GR-SAKURA-MRUBY-CAR\gcctestb\gcctestb\Config1\libgcctestb.a(sf_asinh.o)
                0xfff07a52                asinh
 .text.atanf    0xfff07a56      0x190 D:\usr\github\workspace\GR-SAKURA-MRUBY-CAR\gcctestb\gcctestb\Config1\libgcctestb.a(sf_atan.o)
                0xfff07a56                atanf
 .text.atan     0xfff07be6        0x4 D:\usr\github\workspace\GR-SAKURA-MRUBY-CAR\gcctestb\gcctestb\Config1\libgcctestb.a(sf_atan.o)
                0xfff07be6                atan
 .text.cbrtf    0xfff07bea       0x82 D:\usr\github\workspace\GR-SAKURA-MRUBY-CAR\gcctestb\gcctestb\Config1\libgcctestb.a(sf_cbrt.o)
                0xfff07bea                cbrtf
 .text.cbrt     0xfff07c6c        0x4 D:\usr\github\workspace\GR-SAKURA-MRUBY-CAR\gcctestb\gcctestb\Config1\libgcctestb.a(sf_cbrt.o)
                0xfff07c6c                cbrt
 .text.ceilf    0xfff07c70       0x7c D:\usr\github\workspace\GR-SAKURA-MRUBY-CAR\gcctestb\gcctestb\Config1\libgcctestb.a(sf_ceil.o)
                0xfff07c70                ceilf
 .text.ceil     0xfff07cec        0x4 D:\usr\github\workspace\GR-SAKURA-MRUBY-CAR\gcctestb\gcctestb\Config1\libgcctestb.a(sf_ceil.o)
                0xfff07cec                ceil
 .text.cosf     0xfff07cf0       0x5c D:\usr\github\workspace\GR-SAKURA-MRUBY-CAR\gcctestb\gcctestb\Config1\libgcctestb.a(sf_cos.o)
                0xfff07cf0                cosf
 .text.cos      0xfff07d4c        0x4 D:\usr\github\workspace\GR-SAKURA-MRUBY-CAR\gcctestb\gcctestb\Config1\libgcctestb.a(sf_cos.o)
                0xfff07d4c                cos
 .text.erff     0xfff07d50      0x360 D:\usr\github\workspace\GR-SAKURA-MRUBY-CAR\gcctestb\gcctestb\Config1\libgcctestb.a(sf_erf.o)
                0xfff07d50                erff
 .text.erfcf    0xfff080b0      0x37c D:\usr\github\workspace\GR-SAKURA-MRUBY-CAR\gcctestb\gcctestb\Config1\libgcctestb.a(sf_erf.o)
                0xfff080b0                erfcf
 .text.erf      0xfff0842c        0x4 D:\usr\github\workspace\GR-SAKURA-MRUBY-CAR\gcctestb\gcctestb\Config1\libgcctestb.a(sf_erf.o)
                0xfff0842c                erf
 .text.erfc     0xfff08430        0x4 D:\usr\github\workspace\GR-SAKURA-MRUBY-CAR\gcctestb\gcctestb\Config1\libgcctestb.a(sf_erf.o)
                0xfff08430                erfc
 .text.fabsf    0xfff08434        0x7 D:\usr\github\workspace\GR-SAKURA-MRUBY-CAR\gcctestb\gcctestb\Config1\libgcctestb.a(sf_fabs.o)
                0xfff08434                fabsf
 .text.fabs     0xfff0843b        0x7 D:\usr\github\workspace\GR-SAKURA-MRUBY-CAR\gcctestb\gcctestb\Config1\libgcctestb.a(sf_fabs.o)
                0xfff0843b                fabs
 .text.floorf   0xfff08442       0x78 D:\usr\github\workspace\GR-SAKURA-MRUBY-CAR\gcctestb\gcctestb\Config1\libgcctestb.a(sf_floor.o)
                0xfff08442                floorf
 .text.floor    0xfff084ba        0x4 D:\usr\github\workspace\GR-SAKURA-MRUBY-CAR\gcctestb\gcctestb\Config1\libgcctestb.a(sf_floor.o)
                0xfff084ba                floor
 .text.log1pf   0xfff084be      0x226 D:\usr\github\workspace\GR-SAKURA-MRUBY-CAR\gcctestb\gcctestb\Config1\libgcctestb.a(sf_log1p.o)
                0xfff084be                log1pf
 .text.log1p    0xfff086e4        0x4 D:\usr\github\workspace\GR-SAKURA-MRUBY-CAR\gcctestb\gcctestb\Config1\libgcctestb.a(sf_log1p.o)
                0xfff086e4                log1p
 .text.sinf     0xfff086e8       0x62 D:\usr\github\workspace\GR-SAKURA-MRUBY-CAR\gcctestb\gcctestb\Config1\libgcctestb.a(sf_sin.o)
                0xfff086e8                sinf
 .text.sin      0xfff0874a        0x4 D:\usr\github\workspace\GR-SAKURA-MRUBY-CAR\gcctestb\gcctestb\Config1\libgcctestb.a(sf_sin.o)
                0xfff0874a                sin
 .text.tanf     0xfff0874e       0x40 D:\usr\github\workspace\GR-SAKURA-MRUBY-CAR\gcctestb\gcctestb\Config1\libgcctestb.a(sf_tan.o)
                0xfff0874e                tanf
 .text.tan      0xfff0878e        0x4 D:\usr\github\workspace\GR-SAKURA-MRUBY-CAR\gcctestb\gcctestb\Config1\libgcctestb.a(sf_tan.o)
                0xfff0878e                tan
 .text.tanhf    0xfff08792       0xba D:\usr\github\workspace\GR-SAKURA-MRUBY-CAR\gcctestb\gcctestb\Config1\libgcctestb.a(sf_tanh.o)
                0xfff08792                tanhf
 .text.tanh     0xfff0884c        0x4 D:\usr\github\workspace\GR-SAKURA-MRUBY-CAR\gcctestb\gcctestb\Config1\libgcctestb.a(sf_tanh.o)
                0xfff0884c                tanh
 .text.acosf    0xfff08850       0x82 D:\usr\github\workspace\GR-SAKURA-MRUBY-CAR\gcctestb\gcctestb\Config1\libgcctestb.a(wf_acos.o)
                0xfff08850                acosf
 .text.acos     0xfff088d2        0x4 D:\usr\github\workspace\GR-SAKURA-MRUBY-CAR\gcctestb\gcctestb\Config1\libgcctestb.a(wf_acos.o)
                0xfff088d2                acos
 .text.acoshf   0xfff088d6       0x76 D:\usr\github\workspace\GR-SAKURA-MRUBY-CAR\gcctestb\gcctestb\Config1\libgcctestb.a(wf_acosh.o)
                0xfff088d6                acoshf
 .text.acosh    0xfff0894c        0x4 D:\usr\github\workspace\GR-SAKURA-MRUBY-CAR\gcctestb\gcctestb\Config1\libgcctestb.a(wf_acosh.o)
                0xfff0894c                acosh
 .text.asinf    0xfff08950       0x82 D:\usr\github\workspace\GR-SAKURA-MRUBY-CAR\gcctestb\gcctestb\Config1\libgcctestb.a(wf_asin.o)
                0xfff08950                asinf
 .text.asin     0xfff089d2        0x4 D:\usr\github\workspace\GR-SAKURA-MRUBY-CAR\gcctestb\gcctestb\Config1\libgcctestb.a(wf_asin.o)
                0xfff089d2                asin
 .text.atan2f   0xfff089d6        0x4 D:\usr\github\workspace\GR-SAKURA-MRUBY-CAR\gcctestb\gcctestb\Config1\libgcctestb.a(wf_atan2.o)
                0xfff089d6                atan2f
 .text.atan2    0xfff089da        0x4 D:\usr\github\workspace\GR-SAKURA-MRUBY-CAR\gcctestb\gcctestb\Config1\libgcctestb.a(wf_atan2.o)
                0xfff089da                atan2
 .text.atanhf   0xfff089de       0xa0 D:\usr\github\workspace\GR-SAKURA-MRUBY-CAR\gcctestb\gcctestb\Config1\libgcctestb.a(wf_atanh.o)
                0xfff089de                atanhf
 .text.atanh    0xfff08a7e        0x4 D:\usr\github\workspace\GR-SAKURA-MRUBY-CAR\gcctestb\gcctestb\Config1\libgcctestb.a(wf_atanh.o)
                0xfff08a7e                atanh
 .text.coshf    0xfff08a82       0x8a D:\usr\github\workspace\GR-SAKURA-MRUBY-CAR\gcctestb\gcctestb\Config1\libgcctestb.a(wf_cosh.o)
                0xfff08a82                coshf
 .text.cosh     0xfff08b0c        0x4 D:\usr\github\workspace\GR-SAKURA-MRUBY-CAR\gcctestb\gcctestb\Config1\libgcctestb.a(wf_cosh.o)
                0xfff08b0c                cosh
 .text.expf     0xfff08b10       0xa6 D:\usr\github\workspace\GR-SAKURA-MRUBY-CAR\gcctestb\gcctestb\Config1\libgcctestb.a(wf_exp.o)
                0xfff08b10                expf
 .text.exp      0xfff08bb6        0x4 D:\usr\github\workspace\GR-SAKURA-MRUBY-CAR\gcctestb\gcctestb\Config1\libgcctestb.a(wf_exp.o)
                0xfff08bb6                exp
 .text.fmodf    0xfff08bba       0x8a D:\usr\github\workspace\GR-SAKURA-MRUBY-CAR\gcctestb\gcctestb\Config1\libgcctestb.a(wf_fmod.o)
                0xfff08bba                fmodf
 .text.fmod     0xfff08c44        0x4 D:\usr\github\workspace\GR-SAKURA-MRUBY-CAR\gcctestb\gcctestb\Config1\libgcctestb.a(wf_fmod.o)
                0xfff08c44                fmod
 .text.hypotf   0xfff08c48       0x8e D:\usr\github\workspace\GR-SAKURA-MRUBY-CAR\gcctestb\gcctestb\Config1\libgcctestb.a(wf_hypot.o)
                0xfff08c48                hypotf
 .text.hypot    0xfff08cd6        0x4 D:\usr\github\workspace\GR-SAKURA-MRUBY-CAR\gcctestb\gcctestb\Config1\libgcctestb.a(wf_hypot.o)
                0xfff08cd6                hypot
 .text.logf     0xfff08cda       0xb4 D:\usr\github\workspace\GR-SAKURA-MRUBY-CAR\gcctestb\gcctestb\Config1\libgcctestb.a(wf_log.o)
                0xfff08cda                logf
 .text.log      0xfff08d8e        0x4 D:\usr\github\workspace\GR-SAKURA-MRUBY-CAR\gcctestb\gcctestb\Config1\libgcctestb.a(wf_log.o)
                0xfff08d8e                log
 .text.log10f   0xfff08d92       0xb4 D:\usr\github\workspace\GR-SAKURA-MRUBY-CAR\gcctestb\gcctestb\Config1\libgcctestb.a(wf_log10.o)
                0xfff08d92                log10f
 .text.log10    0xfff08e46        0x4 D:\usr\github\workspace\GR-SAKURA-MRUBY-CAR\gcctestb\gcctestb\Config1\libgcctestb.a(wf_log10.o)
                0xfff08e46                log10
 .text.powf     0xfff08e4a      0x212 D:\usr\github\workspace\GR-SAKURA-MRUBY-CAR\gcctestb\gcctestb\Config1\libgcctestb.a(wf_pow.o)
                0xfff08e4a                powf
 .text.pow      0xfff0905c        0x4 D:\usr\github\workspace\GR-SAKURA-MRUBY-CAR\gcctestb\gcctestb\Config1\libgcctestb.a(wf_pow.o)
                0xfff0905c                pow
 .text.sinhf    0xfff09060       0xa0 D:\usr\github\workspace\GR-SAKURA-MRUBY-CAR\gcctestb\gcctestb\Config1\libgcctestb.a(wf_sinh.o)
                0xfff09060                sinhf
 .text.sinh     0xfff09100        0x4 D:\usr\github\workspace\GR-SAKURA-MRUBY-CAR\gcctestb\gcctestb\Config1\libgcctestb.a(wf_sinh.o)
                0xfff09100                sinh
 .text.sqrtf    0xfff09104       0x7e D:\usr\github\workspace\GR-SAKURA-MRUBY-CAR\gcctestb\gcctestb\Config1\libgcctestb.a(wf_sqrt.o)
                0xfff09104                sqrtf
 .text.sqrt     0xfff09182        0x4 D:\usr\github\workspace\GR-SAKURA-MRUBY-CAR\gcctestb\gcctestb\Config1\libgcctestb.a(wf_sqrt.o)
                0xfff09182                sqrt
 .text.__ieee754_acosf
                0xfff09186      0x22a D:\usr\github\workspace\GR-SAKURA-MRUBY-CAR\gcctestb\gcctestb\Config1\libgcctestb.a(ef_acos.o)
                0xfff09186                __ieee754_acosf
 .text.__ieee754_acoshf
                0xfff093b0       0x96 D:\usr\github\workspace\GR-SAKURA-MRUBY-CAR\gcctestb\gcctestb\Config1\libgcctestb.a(ef_acosh.o)
                0xfff093b0                __ieee754_acoshf
 .text.__ieee754_asinf
                0xfff09446      0x1d4 D:\usr\github\workspace\GR-SAKURA-MRUBY-CAR\gcctestb\gcctestb\Config1\libgcctestb.a(ef_asin.o)
                0xfff09446                __ieee754_asinf
 .text.__ieee754_atan2f
                0xfff0961a      0x14c D:\usr\github\workspace\GR-SAKURA-MRUBY-CAR\gcctestb\gcctestb\Config1\libgcctestb.a(ef_atan2.o)
                0xfff0961a                __ieee754_atan2f
 .text.__ieee754_atanhf
                0xfff09766       0x80 D:\usr\github\workspace\GR-SAKURA-MRUBY-CAR\gcctestb\gcctestb\Config1\libgcctestb.a(ef_atanh.o)
                0xfff09766                __ieee754_atanhf
 .text.__ieee754_coshf
                0xfff097e6       0xc8 D:\usr\github\workspace\GR-SAKURA-MRUBY-CAR\gcctestb\gcctestb\Config1\libgcctestb.a(ef_cosh.o)
                0xfff097e6                __ieee754_coshf
 .text.__ieee754_expf
                0xfff098ae      0x176 D:\usr\github\workspace\GR-SAKURA-MRUBY-CAR\gcctestb\gcctestb\Config1\libgcctestb.a(ef_exp.o)
                0xfff098ae                __ieee754_expf
 .text.__ieee754_fmodf
                0xfff09a24      0x10e D:\usr\github\workspace\GR-SAKURA-MRUBY-CAR\gcctestb\gcctestb\Config1\libgcctestb.a(ef_fmod.o)
                0xfff09a24                __ieee754_fmodf
 .text.__ieee754_hypotf
                0xfff09b32      0x126 D:\usr\github\workspace\GR-SAKURA-MRUBY-CAR\gcctestb\gcctestb\Config1\libgcctestb.a(ef_hypot.o)
                0xfff09b32                __ieee754_hypotf
 .text.__ieee754_logf
                0xfff09c58      0x1e4 D:\usr\github\workspace\GR-SAKURA-MRUBY-CAR\gcctestb\gcctestb\Config1\libgcctestb.a(ef_log.o)
                0xfff09c58                __ieee754_logf
 .text.__ieee754_log10f
                0xfff09e3c       0x94 D:\usr\github\workspace\GR-SAKURA-MRUBY-CAR\gcctestb\gcctestb\Config1\libgcctestb.a(ef_log10.o)
                0xfff09e3c                __ieee754_log10f
 .text.__ieee754_powf
                0xfff09ed0      0x4e8 D:\usr\github\workspace\GR-SAKURA-MRUBY-CAR\gcctestb\gcctestb\Config1\libgcctestb.a(ef_pow.o)
                0xfff09ed0                __ieee754_powf
 .text.__ieee754_rem_pio2f
                0xfff0a3b8      0x254 D:\usr\github\workspace\GR-SAKURA-MRUBY-CAR\gcctestb\gcctestb\Config1\libgcctestb.a(ef_rem_pio2.o)
                0xfff0a3b8                __ieee754_rem_pio2f
 .text.__ieee754_sinhf
                0xfff0a60c       0xdc D:\usr\github\workspace\GR-SAKURA-MRUBY-CAR\gcctestb\gcctestb\Config1\libgcctestb.a(ef_sinh.o)
                0xfff0a60c                __ieee754_sinhf
 .text.__ieee754_sqrtf
                0xfff0a6e8       0xa4 D:\usr\github\workspace\GR-SAKURA-MRUBY-CAR\gcctestb\gcctestb\Config1\libgcctestb.a(ef_sqrt.o)
                0xfff0a6e8                __ieee754_sqrtf
 .text.__kernel_cosf
                0xfff0a78c       0xc0 D:\usr\github\workspace\GR-SAKURA-MRUBY-CAR\gcctestb\gcctestb\Config1\libgcctestb.a(kf_cos.o)
                0xfff0a78c                __kernel_cosf
 .text.__kernel_rem_pio2f
                0xfff0a84c      0x4ec D:\usr\github\workspace\GR-SAKURA-MRUBY-CAR\gcctestb\gcctestb\Config1\libgcctestb.a(kf_rem_pio2.o)
                0xfff0a84c                __kernel_rem_pio2f
 .text.__kernel_sinf
                0xfff0ad38       0x8a D:\usr\github\workspace\GR-SAKURA-MRUBY-CAR\gcctestb\gcctestb\Config1\libgcctestb.a(kf_sin.o)
                0xfff0ad38                __kernel_sinf
 .text.__kernel_tanf
                0xfff0adc2      0x18e D:\usr\github\workspace\GR-SAKURA-MRUBY-CAR\gcctestb\gcctestb\Config1\libgcctestb.a(kf_tan.o)
                0xfff0adc2                __kernel_tanf
 .text.matherr  0xfff0af50        0x3 D:\usr\github\workspace\GR-SAKURA-MRUBY-CAR\gcctestb\gcctestb\Config1\libgcctestb.a(s_matherr.o)
                0xfff0af50                matherr
 *fill*         0xfff0af53        0x1 00
 .text.expm1f   0xfff0af54      0x21c D:\usr\github\workspace\GR-SAKURA-MRUBY-CAR\gcctestb\gcctestb\Config1\libgcctestb.a(sf_expm1.o)
                0xfff0af54                expm1f
 .text.expm1    0xfff0b170        0x4 D:\usr\github\workspace\GR-SAKURA-MRUBY-CAR\gcctestb\gcctestb\Config1\libgcctestb.a(sf_expm1.o)
                0xfff0b170                expm1
 .text.rintf    0xfff0b174       0xa2 D:\usr\github\workspace\GR-SAKURA-MRUBY-CAR\gcctestb\gcctestb\Config1\libgcctestb.a(sf_rint.o)
                0xfff0b174                rintf
 .text.rint     0xfff0b216        0x4 D:\usr\github\workspace\GR-SAKURA-MRUBY-CAR\gcctestb\gcctestb\Config1\libgcctestb.a(sf_rint.o)
                0xfff0b216                rint
 *(P)
 P              0xfff0b21a        0x0 D:\usr\github\workspace\GR-SAKURA-MRUBY-CAR\gcctestb\gcctestb\Config1\vector_table.o
 *fill*         0xfff0b21a        0x2 00
 P              0xfff0b21c       0xc0 D:\usr\github\workspace\GR-SAKURA-MRUBY-CAR\gcctestb\gcctestb\Config1\target_support.o
                0xfff0b21c                hardware_init_hook
                0xfff0b2d8                software_init_hook
 P              0xfff0b2dc       0x2f D:\usr\github\workspace\GR-SAKURA-MRUBY-CAR\gcctestb\gcctestb\Config1\sbrk.o
                0xfff0b2dc                _sbrk
                0xfff0b2dc                sbrk
 *fill*         0xfff0b30b        0x1 00
 P              0xfff0b30c      0x2f2 D:\usr\github\workspace\GR-SAKURA-MRUBY-CAR\gcctestb\gcctestb\Config1\rx63nsci0.o
                0xfff0b32f                CPU_UartInitialize
                0xfff0b405                CPU_UartPutch
                0xfff0b445                CPU_UartPuts
                0xfff0b489                CPU_UartGetch
                0xfff0b4c6                CPU_UartGetch_t
                0xfff0b4da                CPU_UartRead
                0xfff0b55d                CPU_UartGets
                0xfff0b5af                write
 P              0xfff0b5fe        0x0 D:\usr\github\workspace\GR-SAKURA-MRUBY-CAR\gcctestb\gcctestb\Config1\reset_program.o
 P              0xfff0b5fe      0x226 D:\usr\github\workspace\GR-SAKURA-MRUBY-CAR\gcctestb\gcctestb\Config1\rbcall.o
                0xfff0b641                mruby_call
                0xfff0b6fb                call4mruby2
                0xfff0b737                mrb_skiponce_actionDEBUG
                0xfff0b7a2                chandler
 P              0xfff0b824        0x0 D:\usr\github\workspace\GR-SAKURA-MRUBY-CAR\gcctestb\gcctestb\Config1\rb_main.o
 P              0xfff0b824      0x118 D:\usr\github\workspace\GR-SAKURA-MRUBY-CAR\gcctestb\gcctestb\Config1\mrb_read.o
                0xfff0b824                read_mrb
                0xfff0b85c                mrb_read_ui
 P              0xfff0b93c       0x44 D:\usr\github\workspace\GR-SAKURA-MRUBY-CAR\gcctestb\gcctestb\Config1\lowlbl.o
                0xfff0b93c                charput
                0xfff0b93c                putchar
                0xfff0b959                stack
                0xfff0b959                romdatacopysize
                0xfff0b959                vectors
                0xfff0b959                bsssize
                0xfff0b959                romdatastart
                0xfff0b959                datastart
                0xfff0b959                charget
                0xfff0b959                bssstart
                0xfff0b97c                open
                0xfff0b97c                isatty
                0xfff0b97c                read
                0xfff0b97c                fstat
                0xfff0b97c                close
                0xfff0b97c                lseek
 P              0xfff0b980      0x60c D:\usr\github\workspace\GR-SAKURA-MRUBY-CAR\gcctestb\gcctestb\Config1\interrupt_handlers.o
                0xfff0b980                Excep_SuperVisorInst
                0xfff0b988                Excep_UndefinedInst
                0xfff0b990                Excep_FloatingPoint
                0xfff0b998                NonMaskableInterrupt
                0xfff0b9a0                Dummy
                0xfff0b9a8                Excep_BRK
                0xfff0b9b0                Excep_BUSERR
                0xfff0b9b8                Excep_FCUIF_FIFEERR
                0xfff0b9c0                Excep_FCUIF_FRDYI
                0xfff0b9c8                Excep_ICU_SWINT
                0xfff0b9d0                Excep_CMT0_CMI0
                0xfff0b9dc                Excep_CMT1_CMI1
                0xfff0b9e4                Excep_CMT2_CMI2
                0xfff0b9ec                Excep_CMT3_CMI3
                0xfff0b9f4                Excep_ETHER_EINT
                0xfff0b9fc                Excep_USB0_D0FIFO0
                0xfff0ba04                Excep_USB0_D1FIFO0
                0xfff0ba0c                Excep_USB0_USBI0
                0xfff0ba14                Excep_USB1_D0FIFO1
                0xfff0ba1c                Excep_USB1_D1FIFO1
                0xfff0ba24                Excep_USB1_USBI1
                0xfff0ba2c                Excep_RSPI0_SPRI0
                0xfff0ba34                Excep_RSPI0_SPTI0
                0xfff0ba3c                Excep_RSPI0_SPII0
                0xfff0ba44                Excep_RSPI1_SPRI1
                0xfff0ba4c                Excep_RSPI1_SPTI1
                0xfff0ba54                Excep_RSPI1_SPII1
                0xfff0ba5c                Excep_RSPI2_SPRI2
                0xfff0ba64                Excep_RSPI2_SPTI2
                0xfff0ba6c                Excep_RSPI2_SPII2
                0xfff0ba74                Excep_CAN0_RXF0
                0xfff0ba7c                Excep_CAN0_TXF0
                0xfff0ba84                Excep_CAN0_RXM0
                0xfff0ba8c                Excep_CAN0_TXM0
                0xfff0ba94                Excep_CAN1_RXF1
                0xfff0ba9c                Excep_CAN1_TXF1
                0xfff0baa4                Excep_CAN1_RXM1
                0xfff0baac                Excep_CAN1_TXM1
                0xfff0bab4                Excep_CAN2_RXF2
                0xfff0babc                Excep_CAN2_TXF2
                0xfff0bac4                Excep_CAN2_RXM2
                0xfff0bacc                Excep_CAN2_TXM2
                0xfff0bad4                Excep_RTC_CUP
                0xfff0badc                Excep_IRQ0
                0xfff0bae4                Excep_IRQ1
                0xfff0baec                Excep_IRQ2
                0xfff0baf4                Excep_IRQ3
                0xfff0bafc                Excep_IRQ4
                0xfff0bb04                Excep_IRQ5
                0xfff0bb0c                Excep_IRQ6
                0xfff0bb14                Excep_IRQ7
                0xfff0bb1c                Excep_IRQ8
                0xfff0bb24                Excep_IRQ9
                0xfff0bb2c                Excep_IRQ10
                0xfff0bb34                Excep_IRQ11
                0xfff0bb3c                Excep_IRQ12
                0xfff0bb44                Excep_IRQ13
                0xfff0bb4c                Excep_IRQ14
                0xfff0bb54                Excep_IRQ15
                0xfff0bb5c                Excep_USB_USBR0
                0xfff0bb64                Excep_USB_USBR1
                0xfff0bb6c                Excep_RTC_ALM
                0xfff0bb74                Excep_RTC_SLEEP
                0xfff0bb7c                Excep_ADA0_ADI0
                0xfff0bb84                Excep_S12AD0_S12ADI0
                0xfff0bb8c                Excep_GROUP_E0
                0xfff0bb94                Excep_GROUP_E1
                0xfff0bb9c                Excep_GROUP_E2
                0xfff0bba4                Excep_GROUP_E3
                0xfff0bbac                Excep_GROUP_E4
                0xfff0bbb4                Excep_GROUP_E5
                0xfff0bbbc                Excep_GROUP_E6
                0xfff0bbc4                Excep_GROUP_L0
                0xfff0bbcc                Excep_SCIX_SCIX0
                0xfff0bbd4                Excep_SCIX_SCIX1
                0xfff0bbdc                Excep_SCIX_SCIX2
                0xfff0bbe4                Excep_SCIX_SCIX3
                0xfff0bbec                Excep_TPU0_TGIA0
                0xfff0bbf4                Excep_TPU0_TGIB0
                0xfff0bbfc                Excep_TPU0_TGIC0
                0xfff0bc04                Excep_TPU0_TGID0
                0xfff0bc0c                Excep_TPU1_TGIA1
                0xfff0bc14                Excep_TPU1_TGIB1
                0xfff0bc1c                Excep_TPU2_TGIA2
                0xfff0bc24                Excep_TPU2_TGIB2
                0xfff0bc2c                Excep_TPU3_TGIA3
                0xfff0bc34                Excep_TPU3_TGIB3
                0xfff0bc3c                Excep_TPU3_TGIC3
                0xfff0bc44                Excep_TPU3_TGID3
                0xfff0bc4c                Excep_TPU4_TGIA4
                0xfff0bc54                Excep_TPU4_TGIB4
                0xfff0bc5c                Excep_TPU5_TGIA5
                0xfff0bc64                Excep_TPU5_TGIB5
                0xfff0bc6c                Excep_TPU6_TGIA6
                0xfff0bc74                Excep_TPU6_TGIB6
                0xfff0bc7c                Excep_TPU6_TGIC6
                0xfff0bc84                Excep_TPU6_TGID6
                0xfff0bc8c                Excep_TPU6_TGIE6
                0xfff0bc94                Excep_TPU6_TGIF6
                0xfff0bc9c                Excep_TPU7_TGIA7
                0xfff0bca4                Excep_TPU7_TGIB7
                0xfff0bcac                Excep_TPU8_TGIA8
                0xfff0bcb4                Excep_TPU8_TGIB8
                0xfff0bcbc                Excep_TPU9_TGIA9
                0xfff0bcc4                Excep_TPU9_TGIB9
                0xfff0bccc                Excep_TPU9_TGIC9
                0xfff0bcd4                Excep_TPU9_TGID9
                0xfff0bcdc                Excep_TPU10_TGIA10
                0xfff0bce4                Excep_TPU10_TGIB10
                0xfff0bcec                Excep_TPU10_TGIC10
                0xfff0bcf4                Excep_TPU10_TGID10
                0xfff0bcfc                Excep_TPU10_TGIV10
                0xfff0bd04                Excep_MTU5_TGIU5
                0xfff0bd0c                Excep_MTU5_TGIV5
                0xfff0bd14                Excep_MTU5_TGIW5
                0xfff0bd1c                Excep_TPU11_TGIA11
                0xfff0bd24                Excep_TPU11_TGIB11
                0xfff0bd2c                Excep_POE2_OEI1
                0xfff0bd34                Excep_POE2_OEI2
                0xfff0bd3c                Excep_TMR0_CMIA0
                0xfff0bd44                Excep_TMR0_CMIB0
                0xfff0bd4c                Excep_TMR0_OVI0
                0xfff0bd54                Excep_TMR1_CMIA1
                0xfff0bd5c                Excep_TMR1_CMIB1
                0xfff0bd64                Excep_TMR1_OVI1
                0xfff0bd6c                Excep_TMR2_CMIA2
                0xfff0bd74                Excep_TMR2_CMIB2
                0xfff0bd7c                Excep_TMR2_OVI2
                0xfff0bd84                Excep_TMR3_CMIA3
                0xfff0bd8c                Excep_TMR3_CMIB3
                0xfff0bd94                Excep_TMR3_OVI3
                0xfff0bd9c                Excep_RIIC0_EEI0
                0xfff0bda4                Excep_RIIC0_RXI0
                0xfff0bdac                Excep_RIIC0_TXI0
                0xfff0bdb4                Excep_RIIC0_TEI0
                0xfff0bdbc                Excep_RIIC1_EEI0
                0xfff0bdc4                Excep_RIIC1_RXI0
                0xfff0bdcc                Excep_RIIC1_TXI0
                0xfff0bdd4                Excep_RIIC1_TEI0
                0xfff0bddc                Excep_RIIC2_EEI0
                0xfff0bde4                Excep_RIIC2_RXI0
                0xfff0bdec                Excep_RIIC2_TXI0
                0xfff0bdf4                Excep_RIIC2_TEI0
                0xfff0bdfc                Excep_RIIC3_EEI0
                0xfff0be04                Excep_RIIC3_RXI0
                0xfff0be0c                Excep_RIIC3_TXI0
                0xfff0be14                Excep_RIIC3_TEI0
                0xfff0be1c                Excep_DMACA_DMAC0
                0xfff0be24                Excep_DMACA_DMAC1
                0xfff0be2c                Excep_DMACA_DMAC2
                0xfff0be34                Excep_DMACA_DMAC3
                0xfff0be3c                Excep_EXDMAC_DMAC0
                0xfff0be44                Excep_EXDMAC_DMAC1
                0xfff0be4c                Excep_SCI0_RXI0
                0xfff0be54                Excep_SCI0_TXI0
                0xfff0be5c                Excep_SCI0_TEI0
                0xfff0be64                Excep_SCI1_RXI1
                0xfff0be6c                Excep_SCI1_TXI1
                0xfff0be74                Excep_SCI1_TEI1
                0xfff0be7c                Excep_SCI2_RXI2
                0xfff0be84                Excep_SCI2_TXI2
                0xfff0be8c                Excep_SCI2_TEI2
                0xfff0be94                Excep_SCI3_RXI3
                0xfff0be9c                Excep_SCI3_TXI3
                0xfff0bea4                Excep_SCI3_TEI3
                0xfff0beac                Excep_SCI4_RXI4
                0xfff0beb4                Excep_SCI4_TXI4
                0xfff0bebc                Excep_SCI4_TEI4
                0xfff0bec4                Excep_SCI5_RXI5
                0xfff0becc                Excep_SCI5_TXI5
                0xfff0bed4                Excep_SCI5_TEI5
                0xfff0bedc                Excep_SCI6_RXI6
                0xfff0bee4                Excep_SCI6_TXI6
                0xfff0beec                Excep_SCI6_TEI6
                0xfff0bef4                Excep_SCI7_RXI7
                0xfff0befc                Excep_SCI7_TXI7
                0xfff0bf04                Excep_SCI7_TEI7
                0xfff0bf0c                Excep_SCI8_RXI8
                0xfff0bf14                Excep_SCI8_TXI8
                0xfff0bf1c                Excep_SCI8_TEI8
                0xfff0bf24                Excep_SCI9_RXI9
                0xfff0bf2c                Excep_SCI9_TXI9
                0xfff0bf34                Excep_SCI9_TEI9
                0xfff0bf3c                Excep_SCI10_RXI10
                0xfff0bf44                Excep_SCI10_TXI10
                0xfff0bf4c                Excep_SCI10_TEI10
                0xfff0bf54                Excep_SCI11_RXI11
                0xfff0bf5c                Excep_SCI11_TXI11
                0xfff0bf64                Excep_SCI11_TEI11
                0xfff0bf6c                Excep_SCI12_RXI12
                0xfff0bf74                Excep_SCI12_TXI12
                0xfff0bf7c                Excep_SCI12_TEI12
                0xfff0bf84                Excep_IEBUS_IEBINT
 P              0xfff0bf8c       0x52 D:\usr\github\workspace\GR-SAKURA-MRUBY-CAR\gcctestb\gcctestb\Config1\hardware_setup.o
                0xfff0bf8c                HardwareSetup
 P              0xfff0bfde       0xcc D:\usr\github\workspace\GR-SAKURA-MRUBY-CAR\gcctestb\gcctestb\Config1\gcctestb.o
                0xfff0c008                main
                0xfff0c045                task2
                0xfff0c051                CMI0
 P              0xfff0c0aa        0x0 D:\usr\github\workspace\GR-SAKURA-MRUBY-CAR\gcctestb\gcctestb\Config1\crt0.o
 P              0xfff0c0aa        0x0 D:\usr\github\workspace\GR-SAKURA-MRUBY-CAR\gcctestb\gcctestb\Config1\libgcctestb.a(printf.o)
 P              0xfff0c0aa        0x0 D:\usr\github\workspace\GR-SAKURA-MRUBY-CAR\gcctestb\gcctestb\Config1\libgcctestb.a(puts.o)
 P              0xfff0c0aa        0x0 D:\usr\github\workspace\GR-SAKURA-MRUBY-CAR\gcctestb\gcctestb\Config1\libgcctestb.a(strlen.o)
 P              0xfff0c0aa        0x0 D:\usr\github\workspace\GR-SAKURA-MRUBY-CAR\gcctestb\gcctestb\Config1\libgcctestb.a(vfprintf.o)
 P              0xfff0c0aa        0x0 D:\usr\github\workspace\GR-SAKURA-MRUBY-CAR\gcctestb\gcctestb\Config1\libgcctestb.a(wsetup.o)
 P              0xfff0c0aa        0x0 D:\usr\github\workspace\GR-SAKURA-MRUBY-CAR\gcctestb\gcctestb\Config1\libgcctestb.a(dtoa.o)
 P              0xfff0c0aa        0x0 D:\usr\github\workspace\GR-SAKURA-MRUBY-CAR\gcctestb\gcctestb\Config1\libgcctestb.a(fflush.o)
 P              0xfff0c0aa        0x0 D:\usr\github\workspace\GR-SAKURA-MRUBY-CAR\gcctestb\gcctestb\Config1\libgcctestb.a(findfp.o)
 P              0xfff0c0aa        0x0 D:\usr\github\workspace\GR-SAKURA-MRUBY-CAR\gcctestb\gcctestb\Config1\libgcctestb.a(fvwrite.o)
 P              0xfff0c0aa        0x0 D:\usr\github\workspace\GR-SAKURA-MRUBY-CAR\gcctestb\gcctestb\Config1\libgcctestb.a(fwalk.o)
 P              0xfff0c0aa        0x0 D:\usr\github\workspace\GR-SAKURA-MRUBY-CAR\gcctestb\gcctestb\Config1\libgcctestb.a(impure.o)
 P              0xfff0c0aa        0x0 D:\usr\github\workspace\GR-SAKURA-MRUBY-CAR\gcctestb\gcctestb\Config1\libgcctestb.a(locale.o)
 P              0xfff0c0aa        0x0 D:\usr\github\workspace\GR-SAKURA-MRUBY-CAR\gcctestb\gcctestb\Config1\libgcctestb.a(makebuf.o)
 P              0xfff0c0aa        0x0 D:\usr\github\workspace\GR-SAKURA-MRUBY-CAR\gcctestb\gcctestb\Config1\libgcctestb.a(mallocr.o)
 P              0xfff0c0aa        0x0 D:\usr\github\workspace\GR-SAKURA-MRUBY-CAR\gcctestb\gcctestb\Config1\libgcctestb.a(memchr.o)
 P              0xfff0c0aa        0x0 D:\usr\github\workspace\GR-SAKURA-MRUBY-CAR\gcctestb\gcctestb\Config1\libgcctestb.a(memcpy.o)
 P              0xfff0c0aa        0x0 D:\usr\github\workspace\GR-SAKURA-MRUBY-CAR\gcctestb\gcctestb\Config1\libgcctestb.a(memmove.o)
 P              0xfff0c0aa        0x0 D:\usr\github\workspace\GR-SAKURA-MRUBY-CAR\gcctestb\gcctestb\Config1\libgcctestb.a(memset.o)
 P              0xfff0c0aa        0x0 D:\usr\github\workspace\GR-SAKURA-MRUBY-CAR\gcctestb\gcctestb\Config1\libgcctestb.a(mlock.o)
 P              0xfff0c0aa        0x0 D:\usr\github\workspace\GR-SAKURA-MRUBY-CAR\gcctestb\gcctestb\Config1\libgcctestb.a(mprec.o)
 P              0xfff0c0aa        0x0 D:\usr\github\workspace\GR-SAKURA-MRUBY-CAR\gcctestb\gcctestb\Config1\libgcctestb.a(sbrkr.o)
 P              0xfff0c0aa        0x0 D:\usr\github\workspace\GR-SAKURA-MRUBY-CAR\gcctestb\gcctestb\Config1\libgcctestb.a(sf_fpclassify.o)
 P              0xfff0c0aa        0x0 D:\usr\github\workspace\GR-SAKURA-MRUBY-CAR\gcctestb\gcctestb\Config1\libgcctestb.a(stdio.o)
 P              0xfff0c0aa        0x0 D:\usr\github\workspace\GR-SAKURA-MRUBY-CAR\gcctestb\gcctestb\Config1\libgcctestb.a(strcmp.o)
 P              0xfff0c0aa        0x0 D:\usr\github\workspace\GR-SAKURA-MRUBY-CAR\gcctestb\gcctestb\Config1\libgcctestb.a(vfiprintf.o)
 P              0xfff0c0aa        0x0 D:\usr\github\workspace\GR-SAKURA-MRUBY-CAR\gcctestb\gcctestb\Config1\libgcctestb.a(writer.o)
 P              0xfff0c0aa        0x0 D:\usr\github\workspace\GR-SAKURA-MRUBY-CAR\gcctestb\gcctestb\Config1\libgcctestb.a(closer.o)
 P              0xfff0c0aa        0x0 D:\usr\github\workspace\GR-SAKURA-MRUBY-CAR\gcctestb\gcctestb\Config1\libgcctestb.a(fclose.o)
 P              0xfff0c0aa        0x0 D:\usr\github\workspace\GR-SAKURA-MRUBY-CAR\gcctestb\gcctestb\Config1\libgcctestb.a(fputwc.o)
 P              0xfff0c0aa        0x0 D:\usr\github\workspace\GR-SAKURA-MRUBY-CAR\gcctestb\gcctestb\Config1\libgcctestb.a(fstatr.o)
 P              0xfff0c0aa        0x0 D:\usr\github\workspace\GR-SAKURA-MRUBY-CAR\gcctestb\gcctestb\Config1\libgcctestb.a(isattyr.o)
 P              0xfff0c0aa        0x0 D:\usr\github\workspace\GR-SAKURA-MRUBY-CAR\gcctestb\gcctestb\Config1\libgcctestb.a(lseekr.o)
 P              0xfff0c0aa        0x0 D:\usr\github\workspace\GR-SAKURA-MRUBY-CAR\gcctestb\gcctestb\Config1\libgcctestb.a(readr.o)
 P              0xfff0c0aa        0x0 D:\usr\github\workspace\GR-SAKURA-MRUBY-CAR\gcctestb\gcctestb\Config1\libgcctestb.a(reent.o)
 P              0xfff0c0aa        0x0 D:\usr\github\workspace\GR-SAKURA-MRUBY-CAR\gcctestb\gcctestb\Config1\libgcctestb.a(wbuf.o)
 P              0xfff0c0aa        0x0 D:\usr\github\workspace\GR-SAKURA-MRUBY-CAR\gcctestb\gcctestb\Config1\libgcctestb.a(wcrtomb.o)
 P              0xfff0c0aa        0x0 D:\usr\github\workspace\GR-SAKURA-MRUBY-CAR\gcctestb\gcctestb\Config1\libgcctestb.a(wctomb_r.o)
 *fill*         0xfff0c0aa        0x2 00
 P              0xfff0c0ac      0xb38 D:\usr\github\workspace\GR-SAKURA-MRUBY-CAR\gcctestb\gcctestb\gr_mruby\mruby-1.1.0\build\grsakura\lib\libmruby.a(load.o)
                0xfff0c7fd                read_irep
                0xfff0ca8f                mrb_read_irep
                0xfff0ca95                mrb_load_irep_cxt
                0xfff0cae0                mrb_load_irep
                0xfff0cae7                mrb_read_irep_file
                0xfff0cb7d                mrb_load_irep_file_cxt
                0xfff0cbdd                mrb_load_irep_file
 P              0xfff0cbe4      0x504 D:\usr\github\workspace\GR-SAKURA-MRUBY-CAR\gcctestb\gcctestb\gr_mruby\mruby-1.1.0\build\grsakura\lib\libmruby.a(proc.o)
                0xfff0cdfd                mrb_proc_new
                0xfff0ce5a                mrb_closure_new
                0xfff0ce95                mrb_proc_new_cfunc
                0xfff0ceb2                mrb_proc_new_cfunc_with_env
                0xfff0cf1f                mrb_closure_new_cfunc
                0xfff0cf25                mrb_proc_cfunc_env_get
                0xfff0cfb7                mrb_proc_copy
                0xfff0cfeb                mrb_proc_cfunc_p
                0xfff0cff2                mrb_proc_call_cfunc
                0xfff0cffc                mrb_proc_iseq
                0xfff0d003                mrb_init_proc
 P              0xfff0d0e8      0x3d4 D:\usr\github\workspace\GR-SAKURA-MRUBY-CAR\gcctestb\gcctestb\gr_mruby\mruby-1.1.0\build\grsakura\lib\libmruby.a(state.o)
                0xfff0d0f5                mrb_default_allocf
                0xfff0d110                mrb_open_core
                0xfff0d175                mrb_alloca
                0xfff0d18c                mrb_open_allocf
                0xfff0d1a9                mrb_open
                0xfff0d1b5                mrb_irep_incref
                0xfff0d1be                mrb_irep_free
                0xfff0d288                mrb_irep_decref
                0xfff0d297                mrb_str_pool
                0xfff0d360                mrb_free_context
                0xfff0d393                mrb_close
                0xfff0d40c                mrb_add_irep
                0xfff0d423                mrb_top_self
                0xfff0d47b                mrb_state_atexit
 P              0xfff0d4bc     0x3418 D:\usr\github\workspace\GR-SAKURA-MRUBY-CAR\gcctestb\gcctestb\gr_mruby\mruby-1.1.0\build\grsakura\lib\libmruby.a(string.o)
                0xfff0d7cf                mrb_str_intern
                0xfff0dc71                mrb_str_strlen
                0xfff0dcd7                mrb_str_modify
                0xfff0e385                mrb_str_resize
                0xfff0e450                mrb_str_buf_new
                0xfff0e4bc                mrb_str_new
                0xfff0e4c2                mrb_str_new_cstr
                0xfff0e4ee                mrb_str_new_static
                0xfff0e538                mrb_gc_free_str
                0xfff0e583                mrb_str_to_cstr
                0xfff0e62b                mrb_str_plus
                0xfff0e76a                mrb_str_cmp
                0xfff0e92a                mrb_str_equal
                0xfff0e9e9                mrb_str_to_str
                0xfff0eab3                mrb_str_concat
                0xfff0ec0f                mrb_string_value_ptr
                0xfff0ec21                mrb_noregexp
                0xfff0f0f1                mrb_regexp_check
                0xfff0f10f                mrb_str_dup
                0xfff0f277                mrb_str_substr
                0xfff0f44b                mrb_str_hash
                0xfff0f48f                mrb_obj_as_string
                0xfff0f4c6                mrb_ptr_to_str
                0xfff0f554                mrb_string_type
                0xfff0f56c                mrb_check_string_type
                0xfff0f890                mrb_cstr_to_inum
                0xfff0fbe4                mrb_string_value_cstr
                0xfff0fc2e                mrb_str_to_inum
                0xfff0fd1f                mrb_cstr_to_dbl
                0xfff0ff08                mrb_str_to_dbl
                0xfff0ffb1                mrb_str_dump
                0xfff101cf                mrb_str_cat
                0xfff103b7                mrb_str_inspect
                0xfff104da                mrb_str_cat_cstr
                0xfff104fe                mrb_str_cat_str
                0xfff1052a                mrb_str_append
                0xfff10553                mrb_init_string
 P              0xfff108d4      0xb64 D:\usr\github\workspace\GR-SAKURA-MRUBY-CAR\gcctestb\gcctestb\gr_mruby\mruby-1.1.0\build\grsakura\lib\libmruby.a(symbol.o)
                0xfff10b67                kh_alloc_n2s
                0xfff10ba3                kh_init_n2s_size
                0xfff10bf5                kh_init_n2s
                0xfff10bfb                kh_destroy_n2s
                0xfff10c18                kh_clear_n2s
                0xfff10c43                kh_get_n2s
                0xfff10d0a                kh_put_n2s
                0xfff10f99                kh_resize_n2s
                0xfff11030                kh_del_n2s
                0xfff11051                kh_copy_n2s
                0xfff110b1                mrb_intern
                0xfff110b6                mrb_intern_static
                0xfff110bb                mrb_intern_cstr
                0xfff110d7                mrb_intern_str
                0xfff110f8                mrb_check_intern
                0xfff11130                mrb_check_intern_cstr
                0xfff1114b                mrb_check_intern_str
                0xfff1116e                mrb_sym2name_len
                0xfff112b5                mrb_free_symtbl
                0xfff1130b                mrb_init_symtbl
                0xfff11319                mrb_sym2str
                0xfff1133c                mrb_sym2name
                0xfff11395                mrb_init_symbol
 P              0xfff11438     0x10bc D:\usr\github\workspace\GR-SAKURA-MRUBY-CAR\gcctestb\gcctestb\gr_mruby\mruby-1.1.0\build\grsakura\lib\libmruby.a(variable.o)
                0xfff11705                kh_alloc_iv
                0xfff11747                kh_init_iv_size
                0xfff11799                kh_init_iv
                0xfff1179f                kh_destroy_iv
                0xfff117bc                kh_clear_iv
                0xfff117e7                kh_get_iv
                0xfff119e8                kh_put_iv
                0xfff11b28                kh_resize_iv
                0xfff11bd0                kh_del_iv
                0xfff11bf1                kh_copy_iv
                0xfff11c69                mrb_gc_mark_gv
                0xfff11c7b                mrb_gc_free_gv
                0xfff11c85                mrb_gc_mark_iv
                0xfff11c97                mrb_gc_mark_iv_size
                0xfff11c9f                mrb_gc_free_iv
                0xfff11ca9                mrb_vm_special_get
                0xfff11cae                mrb_vm_special_set
                0xfff11caf                mrb_obj_iv_get
                0xfff11cd0                mrb_iv_get
                0xfff11ced                mrb_obj_iv_set
                0xfff11d4d                mrb_obj_iv_ifnone
                0xfff11da0                mrb_iv_set
                0xfff11ddc                mrb_obj_iv_defined
                0xfff11deb                mrb_iv_defined
                0xfff11e07                mrb_iv_p
                0xfff11e6e                mrb_iv_check
                0xfff11e9c                mrb_iv_copy
                0xfff11ed3                mrb_obj_iv_inspect
                0xfff11f86                mrb_iv_remove
                0xfff11fb8                mrb_vm_iv_get
                0xfff11fca                mrb_vm_iv_set
                0xfff11fe5                mrb_obj_instance_variables
                0xfff12023                mrb_mod_class_variables
                0xfff12063                mrb_mod_cv_get
                0xfff120c3                mrb_cv_get
                0xfff120ca                mrb_mod_cv_set
                0xfff1215a                mrb_cv_set
                0xfff12168                mrb_mod_cv_defined
                0xfff121ac                mrb_cv_defined
                0xfff121b2                mrb_vm_cv_get
                0xfff121cf                mrb_vm_cv_set
                0xfff121ff                mrb_const_get
                0xfff12218                mrb_vm_const_get
                0xfff12298                mrb_const_set
                0xfff122c4                mrb_vm_const_set
                0xfff122f4                mrb_const_remove
                0xfff12315                mrb_define_const
                0xfff12340                mrb_define_global_const
                0xfff12354                mrb_mod_constants
                0xfff123bb                mrb_gv_get
                0xfff123e2                mrb_gv_set
                0xfff12414                mrb_gv_remove
                0xfff12424                mrb_f_global_variables
                0xfff1248e                mrb_const_defined
                0xfff12495                mrb_const_defined_at
                0xfff1249c                mrb_attr_get
                0xfff124a1                mrb_class_sym
 P              0xfff124f4     0x36fc D:\usr\github\workspace\GR-SAKURA-MRUBY-CAR\gcctestb\gcctestb\gr_mruby\mruby-1.1.0\build\grsakura\lib\libmruby.a(vm.o)
                0xfff126c2                mrb_run
                0xfff12761                mrb_context_run
                0xfff1526e                mrb_yield_with_class
                0xfff153ea                mrb_yield
                0xfff15411                mrb_yield_argv
                0xfff154e0                mrb_obj_instance_eval
                0xfff15572                mrb_mod_module_eval
                0xfff155c9                mrb_funcall_with_block
                0xfff159a0                mrb_f_send
                0xfff15aeb                mrb_funcall_argv
                0xfff15b0c                mrb_funcall
                0xfff15b81                mrb_toplevel_run_keep
                0xfff15be6                mrb_toplevel_run
 P              0xfff15bf0       0x38 D:\usr\github\workspace\GR-SAKURA-MRUBY-CAR\gcctestb\gcctestb\gr_mruby\mruby-1.1.0\build\grsakura\lib\libmruby.a(gem_init.o)
                0xfff15c06                mrb_init_mrbgems
 P              0xfff15c28     0x1694 D:\usr\github\workspace\GR-SAKURA-MRUBY-CAR\gcctestb\gcctestb\gr_mruby\mruby-1.1.0\build\grsakura\lib\libmruby.a(array.o)
                0xfff15c28                mrb_ary_pop
                0xfff15f18                mrb_ary_shift
                0xfff16014                mrb_ary_new_capa
                0xfff160e3                mrb_ary_new
                0xfff16186                mrb_ary_new_from_values
                0xfff162fe                mrb_assoc_new
                0xfff1632a                mrb_ary_ref
                0xfff1642f                mrb_ary_decref
                0xfff16781                mrb_ary_concat
                0xfff16791                mrb_ary_splice
                0xfff16928                mrb_ary_set
                0xfff16ac8                mrb_ary_unshift
                0xfff16b96                mrb_ary_push
                0xfff16dd9                mrb_ary_replace
                0xfff16e69                mrb_ary_resize
                0xfff16eb9                mrb_ary_modify
                0xfff16ecc                mrb_ary_clear
                0xfff16f11                mrb_ary_splat
                0xfff16f69                mrb_check_array_type
                0xfff16f80                mrb_ary_entry
                0xfff16fb0                mrb_ary_join
                0xfff17020                mrb_init_array
 P              0xfff172bc     0x2ad0 D:\usr\github\workspace\GR-SAKURA-MRUBY-CAR\gcctestb\gcctestb\gr_mruby\mruby-1.1.0\build\grsakura\lib\libmruby.a(class.o)
                0xfff175e3                kh_alloc_mt
                0xfff17623                kh_init_mt_size
                0xfff17675                kh_init_mt
                0xfff176bc                kh_destroy_mt
                0xfff176d9                kh_clear_mt
                0xfff17703                kh_get_mt
                0xfff17778                kh_put_mt
                0xfff17896                kh_resize_mt
                0xfff17938                kh_del_mt
                0xfff17959                kh_copy_mt
                0xfff179c5                mrb_gc_mark_mt
                0xfff17a1f                mrb_gc_mark_mt_size
                0xfff17a27                mrb_gc_free_mt
                0xfff17a2d                mrb_class_outer_module
                0xfff17a4c                mrb_class_defined
                0xfff17a78                mrb_class_get_under
                0xfff17a8f                mrb_class_get
                0xfff17bc7                mrb_module_get_under
                0xfff17bde                mrb_module_get
                0xfff17be6                mrb_define_method_raw
                0xfff17c2b                mrb_define_method_id
                0xfff17c60                mrb_define_method
                0xfff17c89                mrb_define_method_vm
                0xfff17ccf                mrb_get_args
                0xfff189ab                mrb_instance_new
                0xfff18a95                mrb_include_module
                0xfff18b8f                mrb_singleton_class
                0xfff18c6e                mrb_define_singleton_method
                0xfff18ca1                mrb_define_class_method
                0xfff18ca9                mrb_define_module_function
                0xfff18cd4                mrb_method_search_vm
                0xfff18d1a                mrb_method_search
                0xfff18d8c                mrb_mod_module_function
                0xfff18e2b                mrb_obj_new
                0xfff18e62                mrb_obj_respond_to
                0xfff18f7e                mrb_respond_to
                0xfff190b2                mrb_class_path
                0xfff19316                mrb_class_real
                0xfff1932b                mrb_class_name
                0xfff19390                mrb_class_new
                0xfff19537                mrb_define_class_under
                0xfff19564                mrb_vm_define_class
                0xfff1960c                mrb_define_class_id
                0xfff1964f                mrb_define_class
                0xfff19669                mrb_module_new
                0xfff196be                mrb_define_module_under
                0xfff196e7                mrb_vm_define_module
                0xfff196ed                mrb_define_module
                0xfff196ff                mrb_define_module_id
                0xfff19703                mrb_obj_class
                0xfff1974e                mrb_obj_classname
                0xfff19760                mrb_alias_method
                0xfff197b8                mrb_define_alias
                0xfff197e0                mrb_undef_method
                0xfff197f7                mrb_undef_class_method
                0xfff1980f                mrb_init_class
 P              0xfff19d8c     0x861c D:\usr\github\workspace\GR-SAKURA-MRUBY-CAR\gcctestb\gcctestb\gr_mruby\mruby-1.1.0\build\grsakura\lib\libmruby.a(codegen.o)
                0xfff22306                mrb_codedump_all
                0xfff2230b                mrb_generate_code
 P              0xfff223a8       0x38 D:\usr\github\workspace\GR-SAKURA-MRUBY-CAR\gcctestb\gcctestb\gr_mruby\mruby-1.1.0\build\grsakura\lib\libmruby.a(crc.o)
                0xfff223a8                calc_crc_16_ccitt
 P              0xfff223e0      0x310 D:\usr\github\workspace\GR-SAKURA-MRUBY-CAR\gcctestb\gcctestb\gr_mruby\mruby-1.1.0\build\grsakura\lib\libmruby.a(debug.o)
                0xfff223e0                mrb_debug_get_filename
                0xfff22453                mrb_debug_get_line
                0xfff2251e                mrb_debug_info_alloc
                0xfff22536                mrb_debug_info_append_file
                0xfff22696                mrb_debug_info_free
 P              0xfff226f0      0xa68 D:\usr\github\workspace\GR-SAKURA-MRUBY-CAR\gcctestb\gcctestb\gr_mruby\mruby-1.1.0\build\grsakura\lib\libmruby.a(error.o)
                0xfff22a08                mrb_exc_new
                0xfff22a2b                mrb_exc_new_str
                0xfff22a52                mrb_exc_raise
                0xfff22b70                mrb_raise
                0xfff22b94                mrb_vformat
                0xfff22caf                mrb_format
                0xfff22cbe                mrb_raisef
                0xfff22cea                mrb_name_error
                0xfff22d2d                mrb_warn
                0xfff22d8b                mrb_bug
                0xfff22de4                mrb_make_exception
                0xfff22f35                mrb_sys_fail
                0xfff22fc0                mrb_no_method_error
                0xfff23029                mrb_init_exception
 P              0xfff23158      0x26c D:\usr\github\workspace\GR-SAKURA-MRUBY-CAR\gcctestb\gcctestb\gr_mruby\mruby-1.1.0\build\grsakura\lib\libmruby.a(etc.o)
                0xfff23158                mrb_data_object_alloc
                0xfff23171                mrb_data_check_type
                0xfff23240                mrb_data_check_get_ptr
                0xfff23250                mrb_data_get_ptr
                0xfff2325d                mrb_obj_to_sym
                0xfff232c2                mrb_float_id
                0xfff232ec                mrb_obj_id
                0xfff2337f                mrb_regexp_p
 P              0xfff233c4      0xf44 D:\usr\github\workspace\GR-SAKURA-MRUBY-CAR\gcctestb\gcctestb\gr_mruby\mruby-1.1.0\build\grsakura\lib\libmruby.a(gc.o)
                0xfff23dac                mrb_free
                0xfff23db6                mrb_free_heap
                0xfff23e03                mrb_gc_mark
                0xfff23e23                mrb_incremental_gc
                0xfff23ed0                mrb_full_gc
                0xfff23f3b                mrb_realloc_simple
                0xfff23f73                mrb_malloc_simple
                0xfff23f7b                mrb_realloc
                0xfff23ff7                mrb_gc_protect
                0xfff23ffe                mrb_malloc
                0xfff24006                mrb_calloc
                0xfff24095                mrb_obj_alloc
                0xfff24123                mrb_init_heap
                0xfff24147                mrb_garbage_collect
                0xfff2414b                mrb_gc_arena_save
                0xfff2414e                mrb_gc_arena_restore
                0xfff2418e                mrb_field_write_barrier
                0xfff241d2                mrb_write_barrier
                0xfff241ef                mrb_objspace_each_objects
                0xfff24227                mrb_init_gc
 P              0xfff24308     0x1368 D:\usr\github\workspace\GR-SAKURA-MRUBY-CAR\gcctestb\gcctestb\gr_mruby\mruby-1.1.0\build\grsakura\lib\libmruby.a(hash.o)
                0xfff24308                mrb_hash_clear
                0xfff24343                mrb_hash_empty_p
                0xfff24406                mrb_hash_keys
                0xfff245f6                kh_alloc_ht
                0xfff2463b                kh_init_ht_size
                0xfff2468d                kh_init_ht
                0xfff24693                kh_destroy_ht
                0xfff246b0                kh_clear_ht
                0xfff246db                kh_get_ht
                0xfff248e0                kh_put_ht
                0xfff24c5f                kh_resize_ht
                0xfff24d1d                kh_del_ht
                0xfff24d3e                kh_copy_ht
                0xfff24dcd                mrb_gc_mark_hash
                0xfff24e45                mrb_gc_mark_hash_size
                0xfff24e4f                mrb_gc_free_hash
                0xfff24e59                mrb_hash_new_capa
                0xfff24e8a                mrb_hash_new
                0xfff24e91                mrb_hash_get
                0xfff24f5c                mrb_hash_fetch
                0xfff24f9c                mrb_check_hash_type
                0xfff24fb3                mrb_hash_tbl
                0xfff25130                mrb_hash_set
                0xfff25260                mrb_hash_delete_key
                0xfff2542f                mrb_init_hash
 P              0xfff25670       0xd8 D:\usr\github\workspace\GR-SAKURA-MRUBY-CAR\gcctestb\gcctestb\gr_mruby\mruby-1.1.0\build\grsakura\lib\libmruby.a(init.o)
                0xfff25670                mrb_init_core
 P              0xfff25748     0x14f4 D:\usr\github\workspace\GR-SAKURA-MRUBY-CAR\gcctestb\gcctestb\gr_mruby\mruby-1.1.0\build\grsakura\lib\libmruby.a(kernel.o)
                0xfff25c8a                mrb_obj_hash
                0xfff25df2                mrb_f_raise
                0xfff25f0f                mrb_obj_dup
                0xfff25ff8                mrb_obj_clone
                0xfff26055                mrb_obj_inspect
                0xfff260aa                mrb_obj_is_instance_of
                0xfff260f3                kh_alloc_st
                0xfff2612f                kh_init_st_size
                0xfff26181                kh_init_st
                0xfff26187                kh_destroy_st
                0xfff261a4                kh_clear_st
                0xfff261cf                kh_get_st
                0xfff26244                kh_put_st
                0xfff26518                kh_resize_st
                0xfff265ac                kh_del_st
                0xfff265cd                kh_copy_st
                0xfff2662d                mrb_class_instance_method_list
                0xfff267ec                mrb_init_kernel
 P              0xfff26c3c     0x1384 D:\usr\github\workspace\GR-SAKURA-MRUBY-CAR\gcctestb\gcctestb\gr_mruby\mruby-1.1.0\build\grsakura\lib\libmruby.a(numeric.o)
                0xfff2753d                mrb_to_flo
                0xfff2785c                mrb_num_div
                0xfff27888                mrb_fixnum_mul
                0xfff27945                mrb_flo_to_fixnum
                0xfff279ca                mrb_fixnum_plus
                0xfff27a4e                mrb_fixnum_minus
                0xfff27aca                mrb_fixnum_to_str
                0xfff27bae                mrb_init_numeric
 P              0xfff27fc0      0x964 D:\usr\github\workspace\GR-SAKURA-MRUBY-CAR\gcctestb\gcctestb\gr_mruby\mruby-1.1.0\build\grsakura\lib\libmruby.a(object.o)
                0xfff2808b                mrb_obj_eq
                0xfff280cf                mrb_obj_equal
                0xfff280db                mrb_equal
                0xfff28129                mrb_init_object
                0xfff282fb                mrb_check_type
                0xfff2840f                mrb_any_to_s
                0xfff28492                mrb_obj_is_kind_of
                0xfff2853e                mrb_inspect
                0xfff285eb                mrb_check_convert_type
                0xfff2862c                mrb_convert_type
                0xfff286a2                mrb_Float
                0xfff2870f                mrb_check_to_integer
                0xfff287d7                mrb_convert_to_integer
                0xfff288c3                mrb_Integer
                0xfff288ca                mrb_to_int
                0xfff288d4                mrb_eql
 P              0xfff28924      0x16c D:\usr\github\workspace\GR-SAKURA-MRUBY-CAR\gcctestb\gcctestb\gr_mruby\mruby-1.1.0\build\grsakura\lib\libmruby.a(pool.o)
                0xfff28924                mrb_pool_open
                0xfff2893b                mrb_pool_close
                0xfff2896d                mrb_pool_alloc
                0xfff289ea                mrb_pool_can_realloc
                0xfff28a1d                mrb_pool_realloc
 P              0xfff28a90      0x1b8 D:\usr\github\workspace\GR-SAKURA-MRUBY-CAR\gcctestb\gcctestb\gr_mruby\mruby-1.1.0\build\grsakura\lib\libmruby.a(print.o)
                0xfff28ad3                mrb_p
                0xfff28b32                mrb_print_error
                0xfff28bcc                mrb_show_version
                0xfff28c09                mrb_show_copyright
 P              0xfff28c48      0x8b8 D:\usr\github\workspace\GR-SAKURA-MRUBY-CAR\gcctestb\gcctestb\gr_mruby\mruby-1.1.0\build\grsakura\lib\libmruby.a(range.o)
                0xfff28c48                mrb_range_beg
                0xfff28c51                mrb_range_end
                0xfff28c5b                mrb_range_excl
                0xfff28c65                mrb_range_include
                0xfff28d1b                mrb_range_eq
                0xfff2918b                mrb_range_initialize
                0xfff291e1                mrb_range_new
                0xfff29244                mrb_range_beg_len
                0xfff29265                mrb_get_values_at
                0xfff293a2                mrb_init_range
 P              0xfff29500       0xb0 D:\usr\github\workspace\GR-SAKURA-MRUBY-CAR\gcctestb\gcctestb\gr_mruby\mruby-1.1.0\build\grsakura\lib\libmruby.a(version.o)
                0xfff29500                mrb_init_version
 P              0xfff295b0     0x8a7c D:\usr\github\workspace\GR-SAKURA-MRUBY-CAR\gcctestb\gcctestb\gr_mruby\mruby-1.1.0\build\grsakura\lib\libmruby.a(y.tab.o)
                0xfff2b725                mrb_parser_new
                0xfff2b769                mrb_parser_free
                0xfff2b76f                mrbc_context_new
                0xfff2b778                mrbc_context_free
                0xfff2b78e                mrbc_filename
                0xfff2b7c3                mrbc_partial_hook
                0xfff2b7c8                mrb_parser_set_filename
                0xfff2b8e0                mrb_parser_get_filename
                0xfff2b8fb                mrb_parser_dump
                0xfff2c93b                mrb_parser_parse
                0xfff31f5a                mrb_parse_nstring
                0xfff31f81                mrb_load_nstring_cxt
                0xfff31f98                mrb_load_string_cxt
                0xfff31fb7                mrb_load_string
                0xfff31fbe                mrb_load_nstring
                0xfff31fc5                mrb_parse_string
                0xfff31fe5                mrb_parse_file